Component: ARM Compiler 5.06 update 2 (build 183) Tool: armlink [4d35b7]

==============================================================================

Section Cross References

    system_stm32f3xx.o(i.SystemCoreClockUpdate) refers to system_stm32f3xx.o(.data) for .data
    system_stm32f3xx.o(i.SystemCoreClockUpdate) refers to system_stm32f3xx.o(.constdata) for .constdata
    startup_stm32f302xc.o(STACK) refers (Special) to heapauxi.o(.text) for __use_two_region_memory
    startup_stm32f302xc.o(HEAP) refers (Special) to heapauxi.o(.text) for __use_two_region_memory
    startup_stm32f302xc.o(RESET) refers (Special) to heapauxi.o(.text) for __use_two_region_memory
    startup_stm32f302xc.o(RESET) refers to startup_stm32f302xc.o(STACK) for __initial_sp
    startup_stm32f302xc.o(RESET) refers to startup_stm32f302xc.o(.text) for Reset_Handler
    startup_stm32f302xc.o(RESET) refers to stm32f3xx_it.o(i.NMI_Handler) for NMI_Handler
    startup_stm32f302xc.o(RESET) refers to stm32f3xx_it.o(i.HardFault_Handler) for HardFault_Handler
    startup_stm32f302xc.o(RESET) refers to stm32f3xx_it.o(i.MemManage_Handler) for MemManage_Handler
    startup_stm32f302xc.o(RESET) refers to stm32f3xx_it.o(i.BusFault_Handler) for BusFault_Handler
    startup_stm32f302xc.o(RESET) refers to stm32f3xx_it.o(i.UsageFault_Handler) for UsageFault_Handler
    startup_stm32f302xc.o(RESET) refers to stm32f3xx_it.o(i.DebugMon_Handler) for DebugMon_Handler
    startup_stm32f302xc.o(RESET) refers to stm32f3xx_it.o(i.SysTick_Handler) for SysTick_Handler
    startup_stm32f302xc.o(RESET) refers to adc.o(i.ADC1_2_IRQHandler) for ADC1_2_IRQHandler
    startup_stm32f302xc.o(RESET) refers to exti_it.o(i.EXTI9_5_IRQHandler) for EXTI9_5_IRQHandler
    startup_stm32f302xc.o(RESET) refers to pwm.o(i.TIM1_BRK_TIM15_IRQHandler) for TIM1_BRK_TIM15_IRQHandler
    startup_stm32f302xc.o(RESET) refers to pwm.o(i.TIM1_CC_IRQHandler) for TIM1_CC_IRQHandler
    startup_stm32f302xc.o(RESET) refers to exti_it.o(i.EXTI15_10_IRQHandler) for EXTI15_10_IRQHandler
    startup_stm32f302xc.o(.text) refers (Special) to heapauxi.o(.text) for __use_two_region_memory
    startup_stm32f302xc.o(.text) refers to system_stm32f3xx.o(i.SystemInit) for SystemInit
    startup_stm32f302xc.o(.text) refers to __main.o(!!!main) for __main
    startup_stm32f302xc.o(.text) refers to startup_stm32f302xc.o(HEAP) for Heap_Mem
    startup_stm32f302xc.o(.text) refers to startup_stm32f302xc.o(STACK) for Stack_Mem
    stm32f3xx_hal.o(i.HAL_DeInit) refers to stm32f3xx_hal.o(i.HAL_MspDeInit) for HAL_MspDeInit
    stm32f3xx_hal.o(i.HAL_Delay) refers to stm32f3xx_hal.o(i.HAL_GetTick) for HAL_GetTick
    stm32f3xx_hal.o(i.HAL_GetTick) refers to stm32f3xx_hal.o(.data) for .data
    stm32f3xx_hal.o(i.HAL_IncTick) refers to stm32f3xx_hal.o(.data) for .data
    stm32f3xx_hal.o(i.HAL_Init) refers to stm32f3xx_hal_cortex.o(i.HAL_NVIC_SetPriorityGrouping) for HAL_NVIC_SetPriorityGrouping
    stm32f3xx_hal.o(i.HAL_Init) refers to stm32f3xx_hal.o(i.HAL_InitTick) for HAL_InitTick
    stm32f3xx_hal.o(i.HAL_Init) refers to stm32f3xx_hal.o(i.HAL_MspInit) for HAL_MspInit
    stm32f3xx_hal.o(i.HAL_InitTick) refers to stm32f3xx_hal_cortex.o(i.HAL_SYSTICK_Config) for HAL_SYSTICK_Config
    stm32f3xx_hal.o(i.HAL_InitTick) refers to stm32f3xx_hal_cortex.o(i.HAL_NVIC_SetPriority) for HAL_NVIC_SetPriority
    stm32f3xx_hal.o(i.HAL_InitTick) refers to system_stm32f3xx.o(.data) for SystemCoreClock
    stm32f3xx_hal_adc_ex.o(i.ADC_ConversionStop) refers to stm32f3xx_hal.o(i.HAL_GetTick) for HAL_GetTick
    stm32f3xx_hal_adc_ex.o(i.ADC_DMAConvCplt) refers to stm32f3xx_hal_adc.o(i.HAL_ADC_ConvCpltCallback) for HAL_ADC_ConvCpltCallback
    stm32f3xx_hal_adc_ex.o(i.ADC_DMAError) refers to stm32f3xx_hal_adc.o(i.HAL_ADC_ErrorCallback) for HAL_ADC_ErrorCallback
    stm32f3xx_hal_adc_ex.o(i.ADC_DMAHalfConvCplt) refers to stm32f3xx_hal_adc.o(i.HAL_ADC_ConvHalfCpltCallback) for HAL_ADC_ConvHalfCpltCallback
    stm32f3xx_hal_adc_ex.o(i.ADC_Disable) refers to stm32f3xx_hal.o(i.HAL_GetTick) for HAL_GetTick
    stm32f3xx_hal_adc_ex.o(i.ADC_Enable) refers to stm32f3xx_hal.o(i.HAL_GetTick) for HAL_GetTick
    stm32f3xx_hal_adc_ex.o(i.HAL_ADCEx_Calibration_Start) refers to stm32f3xx_hal_adc_ex.o(i.ADC_Disable) for ADC_Disable
    stm32f3xx_hal_adc_ex.o(i.HAL_ADCEx_Calibration_Start) refers to stm32f3xx_hal.o(i.HAL_GetTick) for HAL_GetTick
    stm32f3xx_hal_adc_ex.o(i.HAL_ADCEx_InjectedConfigChannel) refers to system_stm32f3xx.o(.data) for SystemCoreClock
    stm32f3xx_hal_adc_ex.o(i.HAL_ADCEx_InjectedPollForConversion) refers to stm32f3xx_hal.o(i.HAL_GetTick) for HAL_GetTick
    stm32f3xx_hal_adc_ex.o(i.HAL_ADCEx_InjectedStart) refers to stm32f3xx_hal_adc_ex.o(i.ADC_Enable) for ADC_Enable
    stm32f3xx_hal_adc_ex.o(i.HAL_ADCEx_InjectedStart_IT) refers to stm32f3xx_hal_adc_ex.o(i.ADC_Enable) for ADC_Enable
    stm32f3xx_hal_adc_ex.o(i.HAL_ADCEx_InjectedStop) refers to stm32f3xx_hal_adc_ex.o(i.ADC_ConversionStop) for ADC_ConversionStop
[...]
    Removing main.o(.bss), (16 bytes).
    Removing main.o(.bss), (256 bytes).
    Removing main.o(.data), (4 bytes).
    Removing main.o(.data), (4 bytes).
    Removing main.o(.data), (4 bytes).
    Removing main.o(.data), (4 bytes).
    Removing pos.o(.rev16_text), (4 bytes).
    Removing pos.o(.revsh_text), (4 bytes).
    Removing pos.o(.rrx_text), (6 bytes).
    Removing pos.o(i.search_zero_potion), (12 bytes).
    Removing pos.o(.data), (4 bytes).
    Removing pwm.o(.rev16_text), (4 bytes).
    Removing pwm.o(.revsh_text), (4 bytes).
    Removing pwm.o(.rrx_text), (6 bytes).
    Removing pwm.o(i.update_pwm1_duty), (24 bytes).
    Removing pwm.o(i.update_pwm2_duty), (24 bytes).
    Removing pwm.o(i.update_pwm3_duty), (24 bytes).
    Removing qei.o(.rev16_text), (4 bytes).
    Removing qei.o(.revsh_text), (4 bytes).
    Removing qei.o(.rrx_text), (6 bytes).
    Removing qei.o(i.get_qei_count), (8 bytes).
    Removing qei.o(i.qei_count_set), (8 bytes).
    Removing qei.o(i.qei_pos_set), (2 bytes).
    Removing mag.o(.rev16_text), (4 bytes).
    Removing mag.o(.revsh_text), (4 bytes).
    Removing mag.o(.rrx_text), (6 bytes).
    Removing mag.o(i.get_mag_register), (132 bytes).
    Removing mag.o(i.mag_set), (70 bytes).
    Removing mag.o(i.set_mag_bct), (34 bytes).
    Removing stm32f3xx_it.o(.rev16_text), (4 bytes).
    Removing stm32f3xx_it.o(.revsh_text), (4 bytes).
    Removing stm32f3xx_it.o(.rrx_text), (6 bytes).
    Removing arm_cos_q15.o(.rev16_text), (4 bytes).
    Removing arm_cos_q15.o(.revsh_text), (4 bytes).
    Removing arm_cos_q15.o(.rrx_text), (6 bytes).
    Removing arm_sin_q15.o(.rev16_text), (4 bytes).
    Removing arm_sin_q15.o(.revsh_text), (4 bytes).
    Removing arm_sin_q15.o(.rrx_text), (6 bytes).
    Removing arm_sqrt_q15.o(.rev16_text), (4 bytes).
    Removing arm_sqrt_q15.o(.revsh_text), (4 bytes).
    Removing arm_sqrt_q15.o(.rrx_text), (6 bytes).
    Removing arm_common_tables.o(.rev16_text), (4 bytes).
    Removing arm_common_tables.o(.revsh_text), (4 bytes).
    Removing arm_common_tables.o(.rrx_text), (6 bytes).
    Removing arm_common_tables.o(.constdata), (2048 bytes).
    Removing arm_common_tables.o(.constdata), (128 bytes).
    Removing arm_common_tables.o(.constdata), (256 bytes).
    Removing arm_common_tables.o(.constdata), (512 bytes).
    Removing arm_common_tables.o(.constdata), (1024 bytes).
    Removing arm_common_tables.o(.constdata), (2048 bytes).
    Removing arm_common_tables.o(.constdata), (4096 bytes).
    Removing arm_common_tables.o(.constdata), (8192 bytes).
    Removing arm_common_tables.o(.constdata), (16384 bytes).
    Removing arm_common_tables.o(.constdata), (32768 bytes).
    Removing arm_common_tables.o(.constdata), (96 bytes).
    Removing arm_common_tables.o(.constdata), (192 bytes).
    Removing arm_common_tables.o(.constdata), (384 bytes).
    Removing arm_common_tables.o(.constdata), (768 bytes).
    Removing arm_common_tables.o(.constdata), (1536 bytes).
    Removing arm_common_tables.o(.constdata), (3072 bytes).
    Removing arm_common_tables.o(.constdata), (6144 bytes).
    Removing arm_common_tables.o(.constdata), (12288 bytes).
    Removing arm_common_tables.o(.constdata), (24576 bytes).
    Removing arm_common_tables.o(.constdata), (48 bytes).
    Removing arm_common_tables.o(.constdata), (96 bytes).
    Removing arm_common_tables.o(.constdata), (192 bytes).
    Removing arm_common_tables.o(.constdata), (384 bytes).
    Removing arm_common_tables.o(.constdata), (768 bytes).
    Removing arm_common_tables.o(.constdata), (1536 bytes).
    Removing arm_common_tables.o(.constdata), (3072 bytes).
    Removing arm_common_tables.o(.constdata), (6144 bytes).
    Removing arm_common_tables.o(.constdata), (12288 bytes).
    Removing arm_common_tables.o(.constdata), (128 bytes).
    Removing arm_common_tables.o(.constdata), (256 bytes).
    Removing arm_common_tables.o(.constdata), (40 bytes).
    Removing arm_common_tables.o(.constdata), (96 bytes).
    Removing arm_common_tables.o(.constdata), (112 bytes).
    Removing arm_common_tables.o(.constdata), (416 bytes).
    Removing arm_common_tables.o(.constdata), (880 bytes).
    Removing arm_common_tables.o(.constdata), (896 bytes).
    Removing arm_common_tables.o(.constdata), (3600 bytes).
    Removing arm_common_tables.o(.constdata), (7616 bytes).
    Removing arm_common_tables.o(.constdata), (8064 bytes).
    Removing arm_common_tables.o(.constdata), (24 bytes).
    Removing arm_common_tables.o(.constdata), (48 bytes).
    Removing arm_common_tables.o(.constdata), (112 bytes).
    Removing arm_common_tables.o(.constdata), (224 bytes).
    Removing arm_common_tables.o(.constdata), (480 bytes).
    Removing arm_common_tables.o(.constdata), (960 bytes).
    Removing arm_common_tables.o(.constdata), (1984 bytes).
    Removing arm_common_tables.o(.constdata), (3968 bytes).
    Removing arm_common_tables.o(.constdata), (8064 bytes).
    Removing arm_common_tables.o(.constdata), (128 bytes).
    Removing arm_common_tables.o(.constdata), (256 bytes).
    Removing arm_common_tables.o(.constdata), (512 bytes).
    Removing arm_common_tables.o(.constdata), (1024 bytes).
    Removing arm_common_tables.o(.constdata), (2048 bytes).
    Removing arm_common_tables.o(.constdata), (4096 bytes).
    Removing arm_common_tables.o(.constdata), (8192 bytes).
    Removing arm_common_tables.o(.constdata), (16384 bytes).
    Removing arm_common_tables.o(.constdata), (2052 bytes).
    Removing arm_common_tables.o(.constdata), (2052 bytes).

541 unused section(s) (total 246627 bytes) removed from the image.

==============================================================================

Image Symbol Table

    Local Symbols

    Symbol Name                              Value     Ov Type        Size  Object(Section)

    ../clib/angel/boardlib.s                 0x00000000   Number         0  boardinit2.o ABSOLUTE
    ../clib/angel/boardlib.s                 0x00000000   Number         0  boardshut.o ABSOLUTE
    ../clib/angel/boardlib.s                 0x00000000   Number         0  boardinit1.o ABSOLUTE
    ../clib/angel/boardlib.s                 0x00000000   Number         0  boardinit3.o ABSOLUTE
    ../clib/angel/handlers.s                 0x00000000   Number         0  __scatter_zi.o ABSOLUTE
    ../clib/angel/handlers.s                 0x00000000   Number         0  __scatter_copy.o ABSOLUTE
    ../clib/angel/kernel.s                   0x00000000   Number         0  __rtentry2.o ABSOLUTE
    ../clib/angel/kernel.s                   0x00000000   Number         0  __rtentry4.o ABSOLUTE
    ../clib/angel/kernel.s                   0x00000000   Number         0  rtexit2.o ABSOLUTE
    ../clib/angel/kernel.s                   0x00000000   Number         0  rtexit.o ABSOLUTE
    ../clib/angel/kernel.s                   0x00000000   Number         0  __rtentry.o ABSOLUTE
    ../clib/angel/rt.s                       0x00000000   Number         0  rt_raise.o ABSOLUTE
    ../clib/angel/scatter.s                  0x00000000   Number         0  __scatter.o ABSOLUTE
    ../clib/angel/startup.s                  0x00000000   Number         0  __main.o ABSOLUTE
    ../clib/angel/sys.s                      0x00000000   Number         0  indicate_semi.o ABSOLUTE
    ../clib/angel/sys.s                      0x00000000   Number         0  use_no_semi.o ABSOLUTE
    ../clib/angel/sys.s                      0x00000000   Number         0  sys_stackheap_outer.o ABSOLUTE
    ../clib/angel/sys.s                      0x00000000   Number         0  libspace.o ABSOLUTE
    ../clib/angel/sysapp.c                   0x00000000   Number         0  sys_wrch.o ABSOLUTE
    ../clib/angel/sysapp.c                   0x00000000   Number         0  sys_exit.o ABSOLUTE
    ../clib/angel/sysapp.c                   0x00000000   Number         0  sys_command.o ABSOLUTE
    ../clib/armsys.c                         0x00000000   Number         0  argv_veneer.o ABSOLUTE
    ../clib/armsys.c                         0x00000000   Number         0  argv_veneer.o ABSOLUTE
    ../clib/armsys.c                         0x00000000   Number         0  _get_argv_nomalloc.o ABSOLUTE
    ../clib/armsys.c                         0x00000000   Number         0  no_argv.o ABSOLUTE
    ../clib/heapalloc.c                      0x00000000   Number         0  hrguard.o ABSOLUTE
    ../clib/heapaux.c                        0x00000000   Number         0  heapauxi.o ABSOLUTE
    ../clib/libinit.s                        0x00000000   Number         0  libinit.o ABSOLUTE
    ../clib/libinit.s                        0x00000000   Number         0  libinit2.o ABSOLUTE
    ../clib/libinit.s                        0x00000000   Number         0  libshutdown2.o ABSOLUTE
    ../clib/libinit.s                        0x00000000   Number         0  libshutdown.o ABSOLUTE
    ../clib/longlong.s                       0x00000000   Number         0  llushr.o ABSOLUTE
    ../clib/memcpset.s                       0x00000000   Number         0  rt_memcpy_w.o ABSOLUTE
    ../clib/signal.c                         0x00000000   Number         0  defsig_exit.o ABSOLUTE
    ../clib/signal.c                         0x00000000   Number         0  defsig_rtmem_inner.o ABSOLUTE
    ../clib/signal.c                         0x00000000   Number         0  __raise.o ABSOLUTE
    ../clib/signal.c                         0x00000000   Number         0  defsig_general.o ABSOLUTE
    ../clib/signal.c                         0x00000000   Number         0  defsig_abrt_inner.o ABSOLUTE
    ../clib/signal.c                         0x00000000   Number         0  defsig_fpe_inner.o ABSOLUTE
    ../clib/signal.c                         0x00000000   Number         0  defsig_rtred_inner.o ABSOLUTE
    ../clib/signal.c                         0x00000000   Number         0  defsig_stak_inner.o ABSOLUTE
    ../clib/signal.c                         0x00000000   Number         0  defsig_pvfn_inner.o ABSOLUTE
    ../clib/signal.c                         0x00000000   Number         0  defsig_cppl_inner.o ABSOLUTE
    ../clib/signal.c                         0x00000000   Number         0  defsig_segv_inner.o ABSOLUTE
    ../clib/signal.c                         0x00000000   Number         0  defsig_other.o ABSOLUTE
    ../clib/signal.c                         0x00000000   Number         0  defsig_rtmem_formal.o ABSOLUTE
    ../clib/signal.c                         0x00000000   Number         0  defsig_rtmem_outer.o ABSOLUTE
    ../clib/signal.s                         0x00000000   Number         0  defsig.o ABSOLUTE
    ../clib/stdlib.c                         0x00000000   Number         0  exit.o ABSOLUTE
    ../fplib/fpinit.s                        0x00000000   Number         0  fpinit.o ABSOLUTE
    ..\CommonTables\arm_common_tables.c      0x00000000   Number         0  arm_common_tables.o ABSOLUTE
    ..\FastMathFunctions\arm_cos_q15.c       0x00000000   Number         0  arm_cos_q15.o ABSOLUTE
    ..\FastMathFunctions\arm_sin_q15.c       0x00000000   Number         0  arm_sin_q15.o ABSOLUTE
    ..\FastMathFunctions\arm_sqrt_q15.c      0x00000000   Number         0  arm_sqrt_q15.o ABSOLUTE
    ..\STM32F3xx_HAL_Driver\Src\stm32f3xx_hal.c 0x00000000   Number         0  stm32f3xx_hal.o ABSOLUTE
    ..\STM32F3xx_HAL_Driver\Src\stm32f3xx_hal_adc.c 0x00000000   Number         0  stm32f3xx_hal_adc.o ABSOLUTE
    ..\STM32F3xx_HAL_Driver\Src\stm32f3xx_hal_adc_ex.c 0x00000000   Number         0  stm32f3xx_hal_adc_ex.o ABSOLUTE
    ..\STM32F3xx_HAL_Driver\Src\stm32f3xx_hal_can.c 0x00000000   Number         0  stm32f3xx_hal_can.o ABSOLUTE
    ..\STM32F3xx_HAL_Driver\Src\stm32f3xx_hal_cortex.c 0x00000000   Number         0  stm32f3xx_hal_cortex.o ABSOLUTE
    ..\STM32F3xx_HAL_Driver\Src\stm32f3xx_hal_crc.c 0x00000000   Number         0  stm32f3xx_hal_crc.o ABSOLUTE
    ..\STM32F3xx_HAL_Driver\Src\stm32f3xx_hal_crc_ex.c 0x00000000   Number         0  stm32f3xx_hal_crc_ex.o ABSOLUTE
    ..\STM32F3xx_HAL_Driver\Src\stm32f3xx_hal_dma.c 0x00000000   Number         0  stm32f3xx_hal_dma.o ABSOLUTE
    ..\STM32F3xx_HAL_Driver\Src\stm32f3xx_hal_flash.c 0x00000000   Number         0  stm32f3xx_hal_flash.o ABSOLUTE
    ..\STM32F3xx_HAL_Driver\Src\stm32f3xx_hal_flash_ex.c 0x00000000   Number         0  stm32f3xx_hal_flash_ex.o ABSOLUTE
    ..\STM32F3xx_HAL_Driver\Src\stm32f3xx_hal_gpio.c 0x00000000   Number         0  stm32f3xx_hal_gpio.o ABSOLUTE
    ..\STM32F3xx_HAL_Driver\Src\stm32f3xx_hal_opamp.c 0x00000000   Number         0  stm32f3xx_hal_opamp.o ABSOLUTE
    ..\STM32F3xx_HAL_Driver\Src\stm32f3xx_hal_opamp_ex.c 0x00000000   Number         0  stm32f3xx_hal_opamp_ex.o ABSOLUTE
    ..\STM32F3xx_HAL_Driver\Src\stm32f3xx_hal_rcc.c 0x00000000   Number         0  stm32f3xx_hal_rcc.o ABSOLUTE
    ..\STM32F3xx_HAL_Driver\Src\stm32f3xx_hal_rcc_ex.c 0x00000000   Number         0  stm32f3xx_hal_rcc_ex.o ABSOLUTE
    ..\STM32F3xx_HAL_Driver\Src\stm32f3xx_hal_sdadc.c 0x00000000   Number         0  stm32f3xx_hal_sdadc.o ABSOLUTE
    ..\STM32F3xx_HAL_Driver\Src\stm32f3xx_hal_spi.c 0x00000000   Number         0  stm32f3xx_hal_spi.o ABSOLUTE
    ..\STM32F3xx_HAL_Driver\Src\stm32f3xx_hal_spi_ex.c 0x00000000   Number         0  stm32f3xx_hal_spi_ex.o ABSOLUTE
    ..\STM32F3xx_HAL_Driver\Src\stm32f3xx_hal_sram.c 0x00000000   Number         0  stm32f3xx_hal_sram.o ABSOLUTE
    ..\STM32F3xx_HAL_Driver\Src\stm32f3xx_hal_tim.c 0x00000000   Number         0  stm32f3xx_hal_tim.o ABSOLUTE
    ..\STM32F3xx_HAL_Driver\Src\stm32f3xx_hal_tim_ex.c 0x00000000   Number         0  stm32f3xx_hal_tim_ex.o ABSOLUTE
    ..\STM32F3xx_HAL_Driver\Src\stm32f3xx_hal_uart.c 0x00000000   Number         0  stm32f3xx_hal_uart.o ABSOLUTE
    ..\STM32F3xx_HAL_Driver\Src\stm32f3xx_hal_uart_ex.c 0x00000000   Number         0  stm32f3xx_hal_uart_ex.o ABSOLUTE
    ..\STM32F3xx_HAL_Driver\Src\stm32f3xx_hal_usart.c 0x00000000   Number         0  stm32f3xx_hal_usart.o ABSOLUTE
    ..\Src\POS.c                             0x00000000   Number         0  pos.o ABSOLUTE
    ..\Src\QEI.c                             0x00000000   Number         0  qei.o ABSOLUTE
    ..\Src\adc.c                             0x00000000   Number         0  adc.o ABSOLUTE
    ..\Src\board.c                           0x00000000   Number         0  board.o ABSOLUTE
    ..\Src\exti_it.c                         0x00000000   Number         0  exti_it.o ABSOLUTE
    ..\Src\foc.c                             0x00000000   Number         0  foc.o ABSOLUTE
    ..\Src\foc_param.c                       0x00000000   Number         0  foc_param.o ABSOLUTE
    ..\Src\fun.c                             0x00000000   Number         0  fun.o ABSOLUTE
    ..\Src\mag.c                             0x00000000   Number         0  mag.o ABSOLUTE
    ..\Src\main.c                            0x00000000   Number         0  main.o ABSOLUTE
    ..\Src\pwm.c                             0x00000000   Number         0  pwm.o ABSOLUTE
    ..\Src\stm32f3xx_it.c                    0x00000000   Number         0  stm32f3xx_it.o ABSOLUTE
    ..\Src\system_stm32f3xx.c                0x00000000   Number         0  system_stm32f3xx.o ABSOLUTE
    ..\\CommonTables\\arm_common_tables.c    0x00000000   Number         0  arm_common_tables.o ABSOLUTE
    ..\\FastMathFunctions\\arm_cos_q15.c     0x00000000   Number         0  arm_cos_q15.o ABSOLUTE
    ..\\FastMathFunctions\\arm_sin_q15.c     0x00000000   Number         0  arm_sin_q15.o ABSOLUTE
    ..\\FastMathFunctions\\arm_sqrt_q15.c    0x00000000   Number         0  arm_sqrt_q15.o ABSOLUTE
    ..\\STM32F3xx_HAL_Driver\\Src\\stm32f3xx_hal.c 0x00000000   Number         0  stm32f3xx_hal.o ABSOLUTE
    ..\\STM32F3xx_HAL_Driver\\Src\\stm32f3xx_hal_adc.c 0x00000000   Number         0  stm32f3xx_hal_adc.o ABSOLUTE
    ..\\STM32F3xx_HAL_Driver\\Src\\stm32f3xx_hal_adc_ex.c 0x00000000   Number         0  stm32f3xx_hal_adc_ex.o ABSOLUTE
    ..\\STM32F3xx_HAL_Driver\\Src\\stm32f3xx_hal_can.c 0x00000000   Number         0  stm32f3xx_hal_can.o ABSOLUTE
    ..\\STM32F3xx_HAL_Driver\\Src\\stm32f3xx_hal_cortex.c 0x00000000   Number         0  stm32f3xx_hal_cortex.o ABSOLUTE
    ..\\STM32F3xx_HAL_Driver\\Src\\stm32f3xx_hal_crc.c 0x00000000   Number         0  stm32f3xx_hal_crc.o ABSOLUTE
    ..\\STM32F3xx_HAL_Driver\\Src\\stm32f3xx_hal_crc_ex.c 0x00000000   Number         0  stm32f3xx_hal_crc_ex.o ABSOLUTE
    ..\\STM32F3xx_HAL_Driver\\Src\\stm32f3xx_hal_dma.c 0x00000000   Number         0  stm32f3xx_hal_dma.o ABSOLUTE
    ..\\STM32F3xx_HAL_Driver\\Src\\stm32f3xx_hal_flash.c 0x00000000   Number         0  stm32f3xx_hal_flash.o ABSOLUTE
    ..\\STM32F3xx_HAL_Driver\\Src\\stm32f3xx_hal_flash_ex.c 0x00000000   Number         0  stm32f3xx_hal_flash_ex.o ABSOLUTE
    ..\\STM32F3xx_HAL_Driver\\Src\\stm32f3xx_hal_gpio.c 0x00000000   Number         0  stm32f3xx_hal_gpio.o ABSOLUTE
    ..\\STM32F3xx_HAL_Driver\\Src\\stm32f3xx_hal_opamp.c 0x00000000   Number         0  stm32f3xx_hal_opamp.o ABSOLUTE
    ..\\STM32F3xx_HAL_Driver\\Src\\stm32f3xx_hal_opamp_ex.c 0x00000000   Number         0  stm32f3xx_hal_opamp_ex.o ABSOLUTE
    ..\\STM32F3xx_HAL_Driver\\Src\\stm32f3xx_hal_rcc.c 0x00000000   Number         0  stm32f3xx_hal_rcc.o ABSOLUTE
    ..\\STM32F3xx_HAL_Driver\\Src\\stm32f3xx_hal_rcc_ex.c 0x00000000   Number         0  stm32f3xx_hal_rcc_ex.o ABSOLUTE
    ..\\STM32F3xx_HAL_Driver\\Src\\stm32f3xx_hal_sdadc.c 0x00000000   Number         0  stm32f3xx_hal_sdadc.o ABSOLUTE
    ..\\STM32F3xx_HAL_Driver\\Src\\stm32f3xx_hal_spi.c 0x00000000   Number         0  stm32f3xx_hal_spi.o ABSOLUTE
    ..\\STM32F3xx_HAL_Driver\\Src\\stm32f3xx_hal_spi_ex.c 0x00000000   Number         0  stm32f3xx_hal_spi_ex.o ABSOLUTE
    ..\\STM32F3xx_HAL_Driver\\Src\\stm32f3xx_hal_sram.c 0x00000000   Number         0  stm32f3xx_hal_sram.o ABSOLUTE
    ..\\STM32F3xx_HAL_Driver\\Src\\stm32f3xx_hal_tim.c 0x00000000   Number         0  stm32f3xx_hal_tim.o ABSOLUTE
    ..\\STM32F3xx_HAL_Driver\\Src\\stm32f3xx_hal_tim_ex.c 0x00000000   Number         0  stm32f3xx_hal_tim_ex.o ABSOLUTE
    ..\\STM32F3xx_HAL_Driver\\Src\\stm32f3xx_hal_uart.c 0x00000000   Number         0  stm32f3xx_hal_uart.o ABSOLUTE
    ..\\STM32F3xx_HAL_Driver\\Src\\stm32f3xx_hal_uart_ex.c 0x00000000   Number         0  stm32f3xx_hal_uart_ex.o ABSOLUTE
    ..\\STM32F3xx_HAL_Driver\\Src\\stm32f3xx_hal_usart.c 0x00000000   Number         0  stm32f3xx_hal_usart.o ABSOLUTE
    ..\\Src\\POS.c                           0x00000000   Number         0  pos.o ABSOLUTE
    ..\\Src\\QEI.c                           0x00000000   Number         0  qei.o ABSOLUTE
    ..\\Src\\adc.c                           0x00000000   Number         0  adc.o ABSOLUTE
    ..\\Src\\board.c                         0x00000000   Number         0  board.o ABSOLUTE
    ..\\Src\\exti_it.c                       0x00000000   Number         0  exti_it.o ABSOLUTE
    ..\\Src\\foc.c                           0x00000000   Number         0  foc.o ABSOLUTE
    ..\\Src\\foc_param.c                     0x00000000   Number         0  foc_param.o ABSOLUTE
    ..\\Src\\fun.c                           0x00000000   Number         0  fun.o ABSOLUTE
    ..\\Src\\mag.c                           0x00000000   Number         0  mag.o ABSOLUTE
    ..\\Src\\main.c                          0x00000000   Number         0  main.o ABSOLUTE
    ..\\Src\\pwm.c                           0x00000000   Number         0  pwm.o ABSOLUTE
    ..\\Src\\stm32f3xx_it.c                  0x00000000   Number         0  stm32f3xx_it.o ABSOLUTE
    ..\\Src\\system_stm32f3xx.c              0x00000000   Number         0  system_stm32f3xx.o ABSOLUTE
    dc.s                                     0x00000000   Number         0  dc.o ABSOLUTE
    startup_stm32f302xc.s                    0x00000000   Number         0  startup_stm32f302xc.o ABSOLUTE
    RESET                                    0x08000000   Section      392  startup_stm32f302xc.o(RESET)
    !!!main                                  0x08000188   Section        8  __main.o(!!!main)
    !!!scatter                               0x08000190   Section       52  __scatter.o(!!!scatter)
    !!handler_copy                           0x080001c4   Section       26  __scatter_copy.o(!!handler_copy)
    !!handler_zi                             0x080001e0   Section       28  __scatter_zi.o(!!handler_zi)
    .ARM.Collect$$libinit$$00000000          0x080001fc   Section        2  libinit.o(.ARM.Collect$$libinit$$00000000)
    .ARM.Collect$$libinit$$00000001          0x080001fe   Section        4  libinit2.o(.ARM.Collect$$libinit$$00000001)
    .ARM.Collect$$libinit$$00000004          0x08000202   Section        0  libinit2.o(.ARM.Collect$$libinit$$00000004)
    .ARM.Collect$$libinit$$0000000A          0x08000202   Section        0  libinit2.o(.ARM.Collect$$libinit$$0000000A)
    .ARM.Collect$$libinit$$0000000C          0x08000202   Section        0  libinit2.o(.ARM.Collect$$libinit$$0000000C)
    .ARM.Collect$$libinit$$0000000E          0x08000202   Section        0  libinit2.o(.ARM.Collect$$libinit$$0000000E)
    .ARM.Collect$$libinit$$00000011          0x08000202   Section        0  libinit2.o(.ARM.Collect$$libinit$$00000011)
    .ARM.Collect$$libinit$$00000013          0x08000202   Section        0  libinit2.o(.ARM.Collect$$libinit$$00000013)
    .ARM.Collect$$libinit$$00000015          0x08000202   Section        0  libinit2.o(.ARM.Collect$$libinit$$00000015)
    .ARM.Collect$$libinit$$00000017          0x08000202   Section        0  libinit2.o(.ARM.Collect$$libinit$$00000017)
    .ARM.Collect$$libinit$$00000019          0x08000202   Section        0  libinit2.o(.ARM.Collect$$libinit$$00000019)
    .ARM.Collect$$libinit$$0000001B          0x08000202   Section        0  libinit2.o(.ARM.Collect$$libinit$$0000001B)
    .ARM.Collect$$libinit$$0000001D          0x08000202   Section        0  libinit2.o(.ARM.Collect$$libinit$$0000001D)
    .ARM.Collect$$libinit$$0000001F          0x08000202   Section        0  libinit2.o(.ARM.Collect$$libinit$$0000001F)
    .ARM.Collect$$libinit$$00000021          0x08000202   Section        0  libinit2.o(.ARM.Collect$$libinit$$00000021)
    .ARM.Collect$$libinit$$00000023          0x08000202   Section        0  libinit2.o(.ARM.Collect$$libinit$$00000023)
    .ARM.Collect$$libinit$$00000025          0x08000202   Section        0  libinit2.o(.ARM.Collect$$libinit$$00000025)
    .ARM.Collect$$libinit$$0000002C          0x08000202   Section        0  libinit2.o(.ARM.Collect$$libinit$$0000002C)
    .ARM.Collect$$libinit$$0000002E          0x08000202   Section        0  libinit2.o(.ARM.Collect$$libinit$$0000002E)
    .ARM.Collect$$libinit$$00000030          0x08000202   Section        0  libinit2.o(.ARM.Collect$$libinit$$00000030)
    .ARM.Collect$$libinit$$00000032          0x08000202   Section        0  libinit2.o(.ARM.Collect$$libinit$$00000032)
    .ARM.Collect$$libinit$$00000033          0x08000202   Section        2  libinit2.o(.ARM.Collect$$libinit$$00000033)
    .ARM.Collect$$libshutdown$$00000000      0x08000204   Section        2  libshutdown.o(.ARM.Collect$$libshutdown$$00000000)
    .ARM.Collect$$libshutdown$$00000002      0x08000206   Section        0  libshutdown2.o(.ARM.Collect$$libshutdown$$00000002)
    .ARM.Collect$$libshutdown$$00000004      0x08000206   Section        0  libshutdown2.o(.ARM.Collect$$libshutdown$$00000004)
    .ARM.Collect$$libshutdown$$00000007      0x08000206   Section        0  libshutdown2.o(.ARM.Collect$$libshutdown$$00000007)
    .ARM.Collect$$libshutdown$$0000000A      0x08000206   Section        0  libshutdown2.o(.ARM.Collect$$libshutdown$$0000000A)
    .ARM.Collect$$libshutdown$$0000000C      0x08000206   Section        0  libshutdown2.o(.ARM.Collect$$libshutdown$$0000000C)
    .ARM.Collect$$libshutdown$$0000000F      0x08000206   Section        0  libshutdown2.o(.ARM.Collect$$libshutdown$$0000000F)
    .ARM.Collect$$libshutdown$$00000010      0x08000206   Section        2  libshutdown2.o(.ARM.Collect$$libshutdown$$00000010)
    .ARM.Collect$$rtentry$$00000000          0x08000208   Section        0  __rtentry.o(.ARM.Collect$$rtentry$$00000000)
    .ARM.Collect$$rtentry$$00000002          0x08000208   Section        0  __rtentry2.o(.ARM.Collect$$rtentry$$00000002)
    .ARM.Collect$$rtentry$$00000004          0x08000208   Section        6  __rtentry4.o(.ARM.Collect$$rtentry$$00000004)
    .ARM.Collect$$rtentry$$00000009          0x0800020e   Section        0  __rtentry2.o(.ARM.Collect$$rtentry$$00000009)
    .ARM.Collect$$rtentry$$0000000A          0x0800020e   Section        4  __rtentry2.o(.ARM.Collect$$rtentry$$0000000A)
    .ARM.Collect$$rtentry$$0000000C          0x08000212   Section        0  __rtentry2.o(.ARM.Collect$$rtentry$$0000000C)
    .ARM.Collect$$rtentry$$0000000D          0x08000212   Section        8  __rtentry2.o(.ARM.Collect$$rtentry$$0000000D)
    .ARM.Collect$$rtexit$$00000000           0x0800021a   Section        2  rtexit.o(.ARM.Collect$$rtexit$$00000000)
    .ARM.Collect$$rtexit$$00000002           0x0800021c   Section        0  rtexit2.o(.ARM.Collect$$rtexit$$00000002)
    .ARM.Collect$$rtexit$$00000003           0x0800021c   Section        4  rtexit2.o(.ARM.Collect$$rtexit$$00000003)
    .ARM.Collect$$rtexit$$00000004           0x08000220   Section        6  rtexit2.o(.ARM.Collect$$rtexit$$00000004)
    .text                                    0x08000228   Section       64  startup_stm32f302xc.o(.text)
    $v0                                      0x08000228   Number         0  startup_stm32f302xc.o(.text)
    .text                                    0x08000268   Section        0  arm_cos_q15.o(.text)
    .text                                    0x080002ac   Section        0  arm_sin_q15.o(.text)
    .text                                    0x080002e0   Section        0  arm_sqrt_q15.o(.text)
    .text                                    0x080003d8   Section        0  heapauxi.o(.text)
    .text                                    0x080003de   Section       74  sys_stackheap_outer.o(.text)
    .text                                    0x08000428   Section        0  exit.o(.text)
    .text                                    0x0800043c   Section        8  libspace.o(.text)
    .text                                    0x08000444   Section        0  sys_exit.o(.text)
    .text                                    0x08000450   Section        2  use_no_semi.o(.text)
    .text                                    0x08000452   Section        0  indicate_semi.o(.text)
    i.ADC1_2_IRQHandler                      0x08000454   Section        0  adc.o(i.ADC1_2_IRQHandler)
    i.ADC_Disable                            0x080004d0   Section        0  stm32f3xx_hal_adc_ex.o(i.ADC_Disable)
    ADC_Disable                              0x080004d1   Thumb Code    96  stm32f3xx_hal_adc_ex.o(i.ADC_Disable)
    i.BusFault_Handler                       0x08000530   Section        0  stm32f3xx_it.o(i.BusFault_Handler)
    i.DebugMon_Handler                       0x08000532   Section        0  stm32f3xx_it.o(i.DebugMon_Handler)
    i.EXTI15_10_IRQHandler                   0x08000534   Section        0  exti_it.o(i.EXTI15_10_IRQHandler)
    i.EXTI9_5_IRQHandler                     0x08000538   Section        0  exti_it.o(i.EXTI9_5_IRQHandler)
    i.Error_Handler                          0x0800053c   Section        0  main.o(i.Error_Handler)
    i.HAL_ADCEx_InjectedConfigChannel        0x08000594   Section        0  stm32f3xx_hal_adc_ex.o(i.HAL_ADCEx_InjectedConfigChannel)
    i.HAL_ADC_Init                           0x08000984   Section        0  stm32f3xx_hal_adc_ex.o(i.HAL_ADC_Init)
    i.HAL_ADC_MspInit                        0x08000b64   Section        0  stm32f3xx_hal_adc.o(i.HAL_ADC_MspInit)
    i.HAL_Delay                              0x08000b66   Section        0  stm32f3xx_hal.o(i.HAL_Delay)
    i.HAL_GPIO_Init                          0x08000b84   Section        0  stm32f3xx_hal_gpio.o(i.HAL_GPIO_Init)
    i.HAL_GPIO_TogglePin                     0x08000d14   Section        0  stm32f3xx_hal_gpio.o(i.HAL_GPIO_TogglePin)
    i.HAL_GPIO_WritePin                      0x08000d1c   Section        0  stm32f3xx_hal_gpio.o(i.HAL_GPIO_WritePin)
    i.HAL_GetTick                            0x08000d28   Section        0  stm32f3xx_hal.o(i.HAL_GetTick)
    i.HAL_IncTick                            0x08000d34   Section        0  stm32f3xx_hal.o(i.HAL_IncTick)
    i.HAL_Init                               0x08000d44   Section        0  stm32f3xx_hal.o(i.HAL_Init)
    i.HAL_InitTick                           0x08000d68   Section        0  stm32f3xx_hal.o(i.HAL_InitTick)
    i.HAL_MspInit                            0x08000d90   Section        0  stm32f3xx_hal.o(i.HAL_MspInit)
    i.HAL_NVIC_EnableIRQ                     0x08000d92   Section        0  stm32f3xx_hal_cortex.o(i.HAL_NVIC_EnableIRQ)
    i.HAL_NVIC_SetPriority                   0x08000da8   Section        0  stm32f3xx_hal_cortex.o(i.HAL_NVIC_SetPriority)
    i.HAL_NVIC_SetPriorityGrouping           0x08000de8   Section        0  stm32f3xx_hal_cortex.o(i.HAL_NVIC_SetPriorityGrouping)
    i.HAL_RCC_ClockConfig                    0x08000e0c   Section        0  stm32f3xx_hal_rcc.o(i.HAL_RCC_ClockConfig)
    i.HAL_RCC_GetHCLKFreq                    0x08000f8c   Section        0  stm32f3xx_hal_rcc.o(i.HAL_RCC_GetHCLKFreq)
    i.HAL_RCC_GetSysClockFreq                0x08000f98   Section        0  stm32f3xx_hal_rcc.o(i.HAL_RCC_GetSysClockFreq)
    i.HAL_RCC_OscConfig                      0x08001004   Section        0  stm32f3xx_hal_rcc.o(i.HAL_RCC_OscConfig)
    i.HAL_SPI_Init                           0x080015a8   Section        0  stm32f3xx_hal_spi.o(i.HAL_SPI_Init)
    i.HAL_SPI_MspInit                        0x0800165e   Section        0  stm32f3xx_hal_spi.o(i.HAL_SPI_MspInit)
    i.HAL_SYSTICK_CLKSourceConfig            0x08001660   Section        0  stm32f3xx_hal_cortex.o(i.HAL_SYSTICK_CLKSourceConfig)
    i.HAL_SYSTICK_Config                     0x08001678   Section        0  stm32f3xx_hal_cortex.o(i.HAL_SYSTICK_Config)
    i.HAL_TIMEx_ConfigBreakDeadTime          0x080016a0   Section        0  stm32f3xx_hal_tim_ex.o(i.HAL_TIMEx_ConfigBreakDeadTime)
    i.HAL_TIMEx_MasterConfigSynchronization  0x08001728   Section        0  stm32f3xx_hal_tim_ex.o(i.HAL_TIMEx_MasterConfigSynchronization)
    i.HAL_TIM_Base_Init                      0x08001774   Section        0  stm32f3xx_hal_tim.o(i.HAL_TIM_Base_Init)
    i.HAL_TIM_Base_MspInit                   0x080017aa   Section        0  stm32f3xx_hal_tim.o(i.HAL_TIM_Base_MspInit)
    i.HAL_TIM_ConfigClockSource              0x080017ac   Section        0  stm32f3xx_hal_tim.o(i.HAL_TIM_ConfigClockSource)
    i.HAL_TIM_Encoder_Init                   0x080018a4   Section        0  stm32f3xx_hal_tim.o(i.HAL_TIM_Encoder_Init)
    i.HAL_TIM_Encoder_MspInit                0x08001940   Section        0  stm32f3xx_hal_tim.o(i.HAL_TIM_Encoder_MspInit)
    i.HAL_TIM_PWM_ConfigChannel              0x08001942   Section        0  stm32f3xx_hal_tim_ex.o(i.HAL_TIM_PWM_ConfigChannel)
    i.HAL_TIM_PWM_Init                       0x08001a6a   Section        0  stm32f3xx_hal_tim.o(i.HAL_TIM_PWM_Init)
    i.HAL_TIM_PWM_MspInit                    0x08001aa0   Section        0  stm32f3xx_hal_tim.o(i.HAL_TIM_PWM_MspInit)
    i.HardFault_Handler                      0x08001aa2   Section        0  stm32f3xx_it.o(i.HardFault_Handler)
    i.MemManage_Handler                      0x08001aa4   Section        0  stm32f3xx_it.o(i.MemManage_Handler)
    i.NMI_Handler                            0x08001aa6   Section        0  stm32f3xx_it.o(i.NMI_Handler)
    i.NVIC_SetPriority                       0x08001aa8   Section        0  stm32f3xx_hal_cortex.o(i.NVIC_SetPriority)
    NVIC_SetPriority                         0x08001aa9   Thumb Code    32  stm32f3xx_hal_cortex.o(i.NVIC_SetPriority)
    i.QEI_CHI_Interrupt                      0x08001ac8   Section        0  qei.o(i.QEI_CHI_Interrupt)
    i.SysTick_Handler                        0x08001b50   Section        0  stm32f3xx_it.o(i.SysTick_Handler)
    i.SystemClock_Config                     0x08001b54   Section        0  main.o(i.SystemClock_Config)
    SystemClock_Config                       0x08001b55   Thumb Code   110  main.o(i.SystemClock_Config)
    i.SystemInit                             0x08001bc4   Section        0  system_stm32f3xx.o(i.SystemInit)
    i.TIM1_BRK_TIM15_IRQHandler              0x08001c2c   Section        0  pwm.o(i.TIM1_BRK_TIM15_IRQHandler)
    i.TIM1_CC_IRQHandler                     0x08001c44   Section        0  pwm.o(i.TIM1_CC_IRQHandler)
    i.TIM_Base_SetConfig                     0x08001c60   Section        0  stm32f3xx_hal_tim.o(i.TIM_Base_SetConfig)
    i.TIM_ETR_SetConfig                      0x08001cf8   Section        0  stm32f3xx_hal_tim.o(i.TIM_ETR_SetConfig)
    i.TIM_ITRx_SetConfig                     0x08001d0c   Section        0  stm32f3xx_hal_tim.o(i.TIM_ITRx_SetConfig)
    TIM_ITRx_SetConfig                       0x08001d0d   Thumb Code    16  stm32f3xx_hal_tim.o(i.TIM_ITRx_SetConfig)
    i.TIM_OC1_SetConfig                      0x08001d1c   Section        0  stm32f3xx_hal_tim.o(i.TIM_OC1_SetConfig)
    i.TIM_OC2_SetConfig                      0x08001da4   Section        0  stm32f3xx_hal_tim.o(i.TIM_OC2_SetConfig)
    i.TIM_OC3_SetConfig                      0x08001e24   Section        0  stm32f3xx_hal_tim.o(i.TIM_OC3_SetConfig)
    i.TIM_OC4_SetConfig                      0x08001ea4   Section        0  stm32f3xx_hal_tim.o(i.TIM_OC4_SetConfig)
    i.TIM_OC5_SetConfig                      0x08001f10   Section        0  stm32f3xx_hal_tim_ex.o(i.TIM_OC5_SetConfig)
    TIM_OC5_SetConfig                        0x08001f11   Thumb Code    80  stm32f3xx_hal_tim_ex.o(i.TIM_OC5_SetConfig)
    i.TIM_OC6_SetConfig                      0x08001f74   Section        0  stm32f3xx_hal_tim_ex.o(i.TIM_OC6_SetConfig)
    TIM_OC6_SetConfig                        0x08001f75   Thumb Code    82  stm32f3xx_hal_tim_ex.o(i.TIM_OC6_SetConfig)
    i.TIM_TI1_ConfigInputStage               0x08001fdc   Section        0  stm32f3xx_hal_tim.o(i.TIM_TI1_ConfigInputStage)
    TIM_TI1_ConfigInputStage                 0x08001fdd   Thumb Code    34  stm32f3xx_hal_tim.o(i.TIM_TI1_ConfigInputStage)
    i.TIM_TI2_ConfigInputStage               0x08001ffe   Section        0  stm32f3xx_hal_tim.o(i.TIM_TI2_ConfigInputStage)
    TIM_TI2_ConfigInputStage                 0x08001fff   Thumb Code    36  stm32f3xx_hal_tim.o(i.TIM_TI2_ConfigInputStage)
    i.UsageFault_Handler                     0x08002022   Section        0  stm32f3xx_it.o(i.UsageFault_Handler)
    i.adc_init                               0x08002024   Section        0  adc.o(i.adc_init)
    i.adc_init_offset                        0x08002128   Section        0  adc.o(i.adc_init_offset)
    i.adc_start_sample                       0x080021b4   Section        0  adc.o(i.adc_start_sample)
    i.board_init                             0x080021dc   Section        0  board.o(i.board_init)
    i.calc_pi                                0x080023d4   Section        0  foc.o(i.calc_pi)
    calc_pi                                  0x080023d5   Thumb Code    78  foc.o(i.calc_pi)
    i.calc_pid                               0x08002424   Section        0  foc.o(i.calc_pid)
    calc_pid                                 0x08002425   Thumb Code   110  foc.o(i.calc_pid)
    i.calc_pwm_time                          0x08002498   Section        0  foc.o(i.calc_pwm_time)
    calc_pwm_time                            0x08002499   Thumb Code    48  foc.o(i.calc_pwm_time)
    i.calc_svpwm                             0x080024cc   Section        0  foc.o(i.calc_svpwm)
    calc_svpwm                               0x080024cd   Thumb Code   180  foc.o(i.calc_svpwm)
    i.do_control                             0x08002588   Section        0  foc.o(i.do_control)
    do_control                               0x08002589   Thumb Code   220  foc.o(i.do_control)
    i.foc_loop                               0x0800266c   Section        0  foc.o(i.foc_loop)
    i.foc_param_init                         0x08002798   Section        0  foc_param.o(i.foc_param_init)
    i.get_mag_position                       0x080028fc   Section        0  mag.o(i.get_mag_position)
    i.get_mag_vel_pos                        0x0800293c   Section        0  qei.o(i.get_mag_vel_pos)
    i.mag_init                               0x08002a14   Section        0  mag.o(i.mag_init)
    i.main                                   0x08002a84   Section        0  main.o(i.main)
    i.openloop_run_motor                     0x08002b68   Section        0  foc.o(i.openloop_run_motor)
    i.pwm_init                               0x08002bb8   Section        0  pwm.o(i.pwm_init)
    i.pwm_start                              0x08002ccc   Section        0  pwm.o(i.pwm_start)
    i.qei_init                               0x08002d2c   Section        0  qei.o(i.qei_init)
    i.release_break                          0x08002db8   Section        0  fun.o(i.release_break)
    i.set_mag_register                       0x08002dec   Section        0  mag.o(i.set_mag_register)
    i.set_mag_zero                           0x08002e68   Section        0  mag.o(i.set_mag_zero)
    i.stop_pwm                               0x08002e98   Section        0  pwm.o(i.stop_pwm)
    i.test_motor                             0x08002eb0   Section        0  fun.o(i.test_motor)
    i.torque_ramp                            0x08002edc   Section        0  foc.o(i.torque_ramp)
    torque_ramp                              0x08002edd   Thumb Code    12  foc.o(i.torque_ramp)
    i.updata_pwm                             0x08002eec   Section        0  pwm.o(i.updata_pwm)
    i.update_pwm4_duty                       0x08002f10   Section        0  pwm.o(i.update_pwm4_duty)
    i.velocity_ramp                          0x08002f28   Section        0  foc.o(i.velocity_ramp)
    velocity_ramp                            0x08002f29   Thumb Code    12  foc.o(i.velocity_ramp)
    x$fpl$fpinit                             0x08002f38   Section       10  fpinit.o(x$fpl$fpinit)
    $v0                                      0x08002f38   Number         0  fpinit.o(x$fpl$fpinit)
    .constdata                               0x08002f42   Section       16  system_stm32f3xx.o(.constdata)
    .constdata                               0x08002f52   Section       32  stm32f3xx_hal_rcc.o(.constdata)
    .constdata                               0x08002f72   Section     1026  arm_common_tables.o(.constdata)
    .data                                    0x20000000   Section        4  system_stm32f3xx.o(.data)
    .data                                    0x20000004   Section        4  stm32f3xx_hal.o(.data)
    .data                                    0x20000008   Section        8  adc.o(.data)
    ia                                       0x20000008   Data           4  adc.o(.data)
    ib                                       0x2000000c   Data           4  adc.o(.data)
    .data                                    0x20000010   Section       74  foc.o(.data)
    Ta                                       0x20000010   Data           2  foc.o(.data)
    Tb                                       0x20000012   Data           2  foc.o(.data)
    Tc                                       0x20000014   Data           2  foc.o(.data)
    T1                                       0x20000030   Data           4  foc.o(.data)
    T2                                       0x20000034   Data           4  foc.o(.data)
    qei_pos_lpf                              0x20000038   Data           4  foc.o(.data)
    qei_vel_lpf                              0x2000003c   Data           4  foc.o(.data)
    mag_vel_lpf                              0x20000040   Data           4  foc.o(.data)
    mag_pos_lpf                              0x20000044   Data           4  foc.o(.data)
    id_lpf                                   0x20000048   Data           4  foc.o(.data)
    iq_lpf                                   0x2000004c   Data           4  foc.o(.data)
    d_err_lpf                                0x20000050   Data           4  foc.o(.data)
    .data                                    0x2000005a   Section        2  fun.o(.data)
    .data                                    0x2000005c   Section       12  main.o(.data)
    .data                                    0x20000068   Section       56  qei.o(.data)
    once                                     0x20000068   Data           1  qei.o(.data)
    lock_count                               0x20000069   Data           1  qei.o(.data)
    gaps                                     0x20000084   Data           4  qei.o(.data)
    i                                        0x20000088   Data           4  qei.o(.data)
    mag_cnt_t1                               0x2000008c   Data           4  qei.o(.data)
    vel_t1                                   0x20000090   Data           4  qei.o(.data)
    vel_t0                                   0x20000094   Data           4  qei.o(.data)
    acc_t1                                   0x20000098   Data           4  qei.o(.data)
    mag_acc_lpf                              0x2000009c   Data           4  qei.o(.data)
    .data                                    0x200000a0   Section        8  mag.o(.data)
    i                                        0x200000a4   Data           4  mag.o(.data)
    .bss                                     0x200000a8   Section      216  adc.o(.bss)
    sConfig                                  0x200000a8   Data          48  adc.o(.bss)
    hadc1                                    0x200000d8   Data          84  adc.o(.bss)
    hadc2                                    0x2000012c   Data          84  adc.o(.bss)
    .bss                                     0x20000180   Section       20  board.o(.bss)
    GPIO_InitStruct                          0x20000180   Data          20  board.o(.bss)
    .bss                                     0x20000194   Section      416  foc.o(.bss)
    .bss                                     0x20000334   Section      164  pwm.o(.bss)
    sClockSourceConfig                       0x20000334   Data          16  pwm.o(.bss)
    sMasterConfig                            0x20000344   Data          12  pwm.o(.bss)
    sConfigOC                                0x20000350   Data          28  pwm.o(.bss)
    sBreakDeadTimeConfig                     0x2000036c   Data          44  pwm.o(.bss)
    pwm_tim                                  0x20000398   Data          64  pwm.o(.bss)
    .bss                                     0x200003d8   Section      112  qei.o(.bss)
    qeiConfig                                0x200003d8   Data          36  qei.o(.bss)
    qeiMasterConfig                          0x200003fc   Data          12  qei.o(.bss)
    qei_tim                                  0x20000408   Data          64  qei.o(.bss)
    .bss                                     0x20000448   Section      100  mag.o(.bss)
    mag_spi                                  0x20000448   Data         100  mag.o(.bss)
    .bss                                     0x200004ac   Section       96  libspace.o(.bss)
    HEAP                                     0x20000510   Section      512  startup_stm32f302xc.o(HEAP)
    Heap_Mem                                 0x20000510   Data         512  startup_stm32f302xc.o(HEAP)
    STACK                                    0x20000710   Section     1024  startup_stm32f302xc.o(STACK)
    Stack_Mem                                0x20000710   Data        1024  startup_stm32f302xc.o(STACK)
    __initial_sp                             0x20000b10   Data           0  startup_stm32f302xc.o(STACK)

    Global Symbols

    Symbol Name                              Value     Ov Type        Size  Object(Section)

    BuildAttributes$$THM_ISAv4$E$P$D$K$B$S$7EM$VFPi3$EXTD16$VFPS$VFMA$PE$A:L22UL41UL21$X:L11$S22US41US21$IEEE1$IW$USESV6$~STKCKD$USESV7$~SHL$OTIME$ROPI$IEEEX$EBA8$UX$STANDARDLIB$REQ8$PRES8$EABIv2 0x00000000   Number         0  anon$$obj.o ABSOLUTE
    __ARM_use_no_argv                        0x00000000   Number         0  main.o ABSOLUTE
    __ARM_exceptions_init                     - Undefined Weak Reference
    __alloca_initialize                       - Undefined Weak Reference
    __arm_preinit_                            - Undefined Weak Reference
    __cpp_initialize__aeabi_                  - Undefined Weak Reference
    __cxa_finalize                            - Undefined Weak Reference
    __rt_locale                               - Undefined Weak Reference
    __sigvec_lookup                           - Undefined Weak Reference
    _atexit_init                              - Undefined Weak Reference
    _call_atexit_fns                          - Undefined Weak Reference
    _clock_init                               - Undefined Weak Reference
    _fp_trap_init                             - Undefined Weak Reference
    _fp_trap_shutdown                         - Undefined Weak Reference
    _get_lc_collate                           - Undefined Weak Reference
    _get_lc_ctype                             - Undefined Weak Reference
    _get_lc_monetary                          - Undefined Weak Reference
    _get_lc_numeric                           - Undefined Weak Reference
    _get_lc_time                              - Undefined Weak Reference
    _getenv_init                              - Undefined Weak Reference
    _handle_redirection                       - Undefined Weak Reference
    _init_alloc                               - Undefined Weak Reference
    _init_user_alloc                          - Undefined Weak Reference
    _initio                                   - Undefined Weak Reference
    _rand_init                                - Undefined Weak Reference
    _signal_finish                            - Undefined Weak Reference
    _signal_init                              - Undefined Weak Reference
    _terminate_alloc                          - Undefined Weak Reference
    _terminate_user_alloc                     - Undefined Weak Reference
    _terminateio                              - Undefined Weak Reference
    __Vectors_Size                           0x00000188   Number         0  startup_stm32f302xc.o ABSOLUTE
    __Vectors                                0x08000000   Data           4  startup_stm32f302xc.o(RESET)
    __Vectors_End                            0x08000188   Data           0  startup_stm32f302xc.o(RESET)
    __main                                   0x08000189   Thumb Code     8  __main.o(!!!main)
    __scatterload                            0x08000191   Thumb Code     0  __scatter.o(!!!scatter)
    __scatterload_rt2                        0x08000191   Thumb Code    44  __scatter.o(!!!scatter)
    __scatterload_rt2_thumb_only             0x08000191   Thumb Code     0  __scatter.o(!!!scatter)
    __scatterload_null                       0x0800019f   Thumb Code     0  __scatter.o(!!!scatter)
    __scatterload_copy                       0x080001c5   Thumb Code    26  __scatter_copy.o(!!handler_copy)
    __scatterload_zeroinit                   0x080001e1   Thumb Code    28  __scatter_zi.o(!!handler_zi)
    __rt_lib_init                            0x080001fd   Thumb Code     0  libinit.o(.ARM.Collect$$libinit$$00000000)
    __rt_lib_init_fp_1                       0x080001ff   Thumb Code     0  libinit2.o(.ARM.Collect$$libinit$$00000001)
    __rt_lib_init_alloca_1                   0x08000203   Thumb Code     0  libinit2.o(.ARM.Collect$$libinit$$0000002E)
    __rt_lib_init_argv_1                     0x08000203   Thumb Code     0  libinit2.o(.ARM.Collect$$libinit$$0000002C)
    __rt_lib_init_atexit_1                   0x08000203   Thumb Code     0  libinit2.o(.ARM.Collect$$libinit$$0000001B)
    __rt_lib_init_clock_1                    0x08000203   Thumb Code     0  libinit2.o(.ARM.Collect$$libinit$$00000021)
    __rt_lib_init_cpp_1                      0x08000203   Thumb Code     0  libinit2.o(.ARM.Collect$$libinit$$00000032)
    __rt_lib_init_exceptions_1               0x08000203   Thumb Code     0  libinit2.o(.ARM.Collect$$libinit$$00000030)
    __rt_lib_init_fp_trap_1                  0x08000203   Thumb Code     0  libinit2.o(.ARM.Collect$$libinit$$0000001F)
    __rt_lib_init_getenv_1                   0x08000203   Thumb Code     0  libinit2.o(.ARM.Collect$$libinit$$00000023)
    __rt_lib_init_heap_1                     0x08000203   Thumb Code     0  libinit2.o(.ARM.Collect$$libinit$$0000000A)
    __rt_lib_init_lc_collate_1               0x08000203   Thumb Code     0  libinit2.o(.ARM.Collect$$libinit$$00000011)
    __rt_lib_init_lc_ctype_1                 0x08000203   Thumb Code     0  libinit2.o(.ARM.Collect$$libinit$$00000013)
    __rt_lib_init_lc_monetary_1              0x08000203   Thumb Code     0  libinit2.o(.ARM.Collect$$libinit$$00000015)
    __rt_lib_init_lc_numeric_1               0x08000203   Thumb Code     0  libinit2.o(.ARM.Collect$$libinit$$00000017)
    __rt_lib_init_lc_time_1                  0x08000203   Thumb Code     0  libinit2.o(.ARM.Collect$$libinit$$00000019)
    __rt_lib_init_preinit_1                  0x08000203   Thumb Code     0  libinit2.o(.ARM.Collect$$libinit$$00000004)
    __rt_lib_init_rand_1                     0x08000203   Thumb Code     0  libinit2.o(.ARM.Collect$$libinit$$0000000E)
    __rt_lib_init_return                     0x08000203   Thumb Code     0  libinit2.o(.ARM.Collect$$libinit$$00000033)
    __rt_lib_init_signal_1                   0x08000203   Thumb Code     0  libinit2.o(.ARM.Collect$$libinit$$0000001D)
    __rt_lib_init_stdio_1                    0x08000203   Thumb Code     0  libinit2.o(.ARM.Collect$$libinit$$00000025)
    __rt_lib_init_user_alloc_1               0x08000203   Thumb Code     0  libinit2.o(.ARM.Collect$$libinit$$0000000C)
    __rt_lib_shutdown                        0x08000205   Thumb Code     0  libshutdown.o(.ARM.Collect$$libshutdown$$00000000)
    __rt_lib_shutdown_cpp_1                  0x08000207   Thumb Code     0  libshutdown2.o(.ARM.Collect$$libshutdown$$00000002)
    __rt_lib_shutdown_fp_trap_1              0x08000207   Thumb Code     0  libshutdown2.o(.ARM.Collect$$libshutdown$$00000007)
    __rt_lib_shutdown_heap_1                 0x08000207   Thumb Code     0  libshutdown2.o(.ARM.Collect$$libshutdown$$0000000F)
    __rt_lib_shutdown_return                 0x08000207   Thumb Code     0  libshutdown2.o(.ARM.Collect$$libshutdown$$00000010)
    __rt_lib_shutdown_signal_1               0x08000207   Thumb Code     0  libshutdown2.o(.ARM.Collect$$libshutdown$$0000000A)
    __rt_lib_shutdown_stdio_1                0x08000207   Thumb Code     0  libshutdown2.o(.ARM.Collect$$libshutdown$$00000004)
    __rt_lib_shutdown_user_alloc_1           0x08000207   Thumb Code     0  libshutdown2.o(.ARM.Collect$$libshutdown$$0000000C)
    __rt_entry                               0x08000209   Thumb Code     0  __rtentry.o(.ARM.Collect$$rtentry$$00000000)
    __rt_entry_presh_1                       0x08000209   Thumb Code     0  __rtentry2.o(.ARM.Collect$$rtentry$$00000002)
    __rt_entry_sh                            0x08000209   Thumb Code     0  __rtentry4.o(.ARM.Collect$$rtentry$$00000004)
    __rt_entry_li                            0x0800020f   Thumb Code     0  __rtentry2.o(.ARM.Collect$$rtentry$$0000000A)
    __rt_entry_postsh_1                      0x0800020f   Thumb Code     0  __rtentry2.o(.ARM.Collect$$rtentry$$00000009)
    __rt_entry_main                          0x08000213   Thumb Code     0  __rtentry2.o(.ARM.Collect$$rtentry$$0000000D)
    __rt_entry_postli_1                      0x08000213   Thumb Code     0  __rtentry2.o(.ARM.Collect$$rtentry$$0000000C)
    __rt_exit                                0x0800021b   Thumb Code     0  rtexit.o(.ARM.Collect$$rtexit$$00000000)
    __rt_exit_ls                             0x0800021d   Thumb Code     0  rtexit2.o(.ARM.Collect$$rtexit$$00000003)
    __rt_exit_prels_1                        0x0800021d   Thumb Code     0  rtexit2.o(.ARM.Collect$$rtexit$$00000002)
    __rt_exit_exit                           0x08000221   Thumb Code     0  rtexit2.o(.ARM.Collect$$rtexit$$00000004)
    Reset_Handler                            0x08000229   Thumb Code     8  startup_stm32f302xc.o(.text)
    SVC_Handler                              0x0800023b   Thumb Code     2  startup_stm32f302xc.o(.text)
    PendSV_Handler                           0x0800023f   Thumb Code     2  startup_stm32f302xc.o(.text)
    CAN_RX1_IRQHandler                       0x08000243   Thumb Code     0  startup_stm32f302xc.o(.text)
    CAN_SCE_IRQHandler                       0x08000243   Thumb Code     0  startup_stm32f302xc.o(.text)
    COMP1_2_IRQHandler                       0x08000243   Thumb Code     0  startup_stm32f302xc.o(.text)
    COMP4_6_IRQHandler                       0x08000243   Thumb Code     0  startup_stm32f302xc.o(.text)
    DMA1_Channel1_IRQHandler                 0x08000243   Thumb Code     0  startup_stm32f302xc.o(.text)
    DMA1_Channel2_IRQHandler                 0x08000243   Thumb Code     0  startup_stm32f302xc.o(.text)
    DMA1_Channel3_IRQHandler                 0x08000243   Thumb Code     0  startup_stm32f302xc.o(.text)
    DMA1_Channel4_IRQHandler                 0x08000243   Thumb Code     0  startup_stm32f302xc.o(.text)
    DMA1_Channel5_IRQHandler                 0x08000243   Thumb Code     0  startup_stm32f302xc.o(.text)
    DMA1_Channel6_IRQHandler                 0x08000243   Thumb Code     0  startup_stm32f302xc.o(.text)
    DMA1_Channel7_IRQHandler                 0x08000243   Thumb Code     0  startup_stm32f302xc.o(.text)
    DMA2_Channel1_IRQHandler                 0x08000243   Thumb Code     0  startup_stm32f302xc.o(.text)
    DMA2_Channel2_IRQHandler                 0x08000243   Thumb Code     0  startup_stm32f302xc.o(.text)
    DMA2_Channel3_IRQHandler                 0x08000243   Thumb Code     0  startup_stm32f302xc.o(.text)
    DMA2_Channel4_IRQHandler                 0x08000243   Thumb Code     0  startup_stm32f302xc.o(.text)
    DMA2_Channel5_IRQHandler                 0x08000243   Thumb Code     0  startup_stm32f302xc.o(.text)
    EXTI0_IRQHandler                         0x08000243   Thumb Code     0  startup_stm32f302xc.o(.text)
    EXTI1_IRQHandler                         0x08000243   Thumb Code     0  startup_stm32f302xc.o(.text)
    EXTI2_TSC_IRQHandler                     0x08000243   Thumb Code     0  startup_stm32f302xc.o(.text)
    EXTI3_IRQHandler                         0x08000243   Thumb Code     0  startup_stm32f302xc.o(.text)
    EXTI4_IRQHandler                         0x08000243   Thumb Code     0  startup_stm32f302xc.o(.text)
    FLASH_IRQHandler                         0x08000243   Thumb Code     0  startup_stm32f302xc.o(.text)
    FPU_IRQHandler                           0x08000243   Thumb Code     0  startup_stm32f302xc.o(.text)
    I2C1_ER_IRQHandler                       0x08000243   Thumb Code     0  startup_stm32f302xc.o(.text)
    I2C1_EV_IRQHandler                       0x08000243   Thumb Code     0  startup_stm32f302xc.o(.text)
    I2C2_ER_IRQHandler                       0x08000243   Thumb Code     0  startup_stm32f302xc.o(.text)
    I2C2_EV_IRQHandler                       0x08000243   Thumb Code     0  startup_stm32f302xc.o(.text)
    PVD_IRQHandler                           0x08000243   Thumb Code     0  startup_stm32f302xc.o(.text)
    RCC_IRQHandler                           0x08000243   Thumb Code     0  startup_stm32f302xc.o(.text)
    RTC_Alarm_IRQHandler                     0x08000243   Thumb Code     0  startup_stm32f302xc.o(.text)
    RTC_WKUP_IRQHandler                      0x08000243   Thumb Code     0  startup_stm32f302xc.o(.text)
    SPI1_IRQHandler                          0x08000243   Thumb Code     0  startup_stm32f302xc.o(.text)
    SPI2_IRQHandler                          0x08000243   Thumb Code     0  startup_stm32f302xc.o(.text)
    SPI3_IRQHandler                          0x08000243   Thumb Code     0  startup_stm32f302xc.o(.text)
    TAMP_STAMP_IRQHandler                    0x08000243   Thumb Code     0  startup_stm32f302xc.o(.text)
    TIM1_TRG_COM_TIM17_IRQHandler            0x08000243   Thumb Code     0  startup_stm32f302xc.o(.text)
    TIM1_UP_TIM16_IRQHandler                 0x08000243   Thumb Code     0  startup_stm32f302xc.o(.text)
    TIM2_IRQHandler                          0x08000243   Thumb Code     0  startup_stm32f302xc.o(.text)
    TIM3_IRQHandler                          0x08000243   Thumb Code     0  startup_stm32f302xc.o(.text)
    TIM4_IRQHandler                          0x08000243   Thumb Code     0  startup_stm32f302xc.o(.text)
    TIM6_DAC_IRQHandler                      0x08000243   Thumb Code     0  startup_stm32f302xc.o(.text)
    UART4_IRQHandler                         0x08000243   Thumb Code     0  startup_stm32f302xc.o(.text)
    UART5_IRQHandler                         0x08000243   Thumb Code     0  startup_stm32f302xc.o(.text)
    USART1_IRQHandler                        0x08000243   Thumb Code     0  startup_stm32f302xc.o(.text)
    USART2_IRQHandler                        0x08000243   Thumb Code     0  startup_stm32f302xc.o(.text)
    USART3_IRQHandler                        0x08000243   Thumb Code     0  startup_stm32f302xc.o(.text)
    USBWakeUp_IRQHandler                     0x08000243   Thumb Code     0  startup_stm32f302xc.o(.text)
    USBWakeUp_RMP_IRQHandler                 0x08000243   Thumb Code     0  startup_stm32f302xc.o(.text)
    USB_HP_CAN_TX_IRQHandler                 0x08000243   Thumb Code     0  startup_stm32f302xc.o(.text)
    USB_HP_IRQHandler                        0x08000243   Thumb Code     0  startup_stm32f302xc.o(.text)
    USB_LP_CAN_RX0_IRQHandler                0x08000243   Thumb Code     0  startup_stm32f302xc.o(.text)
    USB_LP_IRQHandler                        0x08000243   Thumb Code     0  startup_stm32f302xc.o(.text)
    WWDG_IRQHandler                          0x08000243   Thumb Code     0  startup_stm32f302xc.o(.text)
    __user_initial_stackheap                 0x08000245   Thumb Code     0  startup_stm32f302xc.o(.text)
    arm_cos_q15                              0x08000269   Thumb Code    62  arm_cos_q15.o(.text)
    arm_sin_q15                              0x080002ad   Thumb Code    46  arm_sin_q15.o(.text)
    arm_sqrt_q15                             0x080002e1   Thumb Code   234  arm_sqrt_q15.o(.text)
    __use_two_region_memory                  0x080003d9   Thumb Code     2  heapauxi.o(.text)
    __rt_heap_escrow$2region                 0x080003db   Thumb Code     2  heapauxi.o(.text)
    __rt_heap_expand$2region                 0x080003dd   Thumb Code     2  heapauxi.o(.text)
    __user_setup_stackheap                   0x080003df   Thumb Code    74  sys_stackheap_outer.o(.text)
    exit                                     0x08000429   Thumb Code    18  exit.o(.text)
    __user_libspace                          0x0800043d   Thumb Code     8  libspace.o(.text)
    __user_perproc_libspace                  0x0800043d   Thumb Code     0  libspace.o(.text)
    __user_perthread_libspace                0x0800043d   Thumb Code     0  libspace.o(.text)
    _sys_exit                                0x08000445   Thumb Code     8  sys_exit.o(.text)
    __I$use$semihosting                      0x08000451   Thumb Code     0  use_no_semi.o(.text)
    __use_no_semihosting_swi                 0x08000451   Thumb Code     2  use_no_semi.o(.text)
    __semihosting_library_function           0x08000453   Thumb Code     0  indicate_semi.o(.text)
    ADC1_2_IRQHandler                        0x08000455   Thumb Code   116  adc.o(i.ADC1_2_IRQHandler)
    BusFault_Handler                         0x08000531   Thumb Code     2  stm32f3xx_it.o(i.BusFault_Handler)
    DebugMon_Handler                         0x08000533   Thumb Code     2  stm32f3xx_it.o(i.DebugMon_Handler)
    EXTI15_10_IRQHandler                     0x08000535   Thumb Code     4  exti_it.o(i.EXTI15_10_IRQHandler)
    EXTI9_5_IRQHandler                       0x08000539   Thumb Code     2  exti_it.o(i.EXTI9_5_IRQHandler)
    Error_Handler                            0x0800053d   Thumb Code    78  main.o(i.Error_Handler)
    HAL_ADCEx_InjectedConfigChannel          0x08000595   Thumb Code   982  stm32f3xx_hal_adc_ex.o(i.HAL_ADCEx_InjectedConfigChannel)
    HAL_ADC_Init                             0x08000985   Thumb Code   456  stm32f3xx_hal_adc_ex.o(i.HAL_ADC_Init)
    HAL_ADC_MspInit                          0x08000b65   Thumb Code     2  stm32f3xx_hal_adc.o(i.HAL_ADC_MspInit)
    HAL_Delay                                0x08000b67   Thumb Code    28  stm32f3xx_hal.o(i.HAL_Delay)
    HAL_GPIO_Init                            0x08000b85   Thumb Code   370  stm32f3xx_hal_gpio.o(i.HAL_GPIO_Init)
    HAL_GPIO_TogglePin                       0x08000d15   Thumb Code     8  stm32f3xx_hal_gpio.o(i.HAL_GPIO_TogglePin)
    HAL_GPIO_WritePin                        0x08000d1d   Thumb Code    10  stm32f3xx_hal_gpio.o(i.HAL_GPIO_WritePin)
    HAL_GetTick                              0x08000d29   Thumb Code     6  stm32f3xx_hal.o(i.HAL_GetTick)
    HAL_IncTick                              0x08000d35   Thumb Code    10  stm32f3xx_hal.o(i.HAL_IncTick)
    HAL_Init                                 0x08000d45   Thumb Code    32  stm32f3xx_hal.o(i.HAL_Init)
    HAL_InitTick                             0x08000d69   Thumb Code    34  stm32f3xx_hal.o(i.HAL_InitTick)
    HAL_MspInit                              0x08000d91   Thumb Code     2  stm32f3xx_hal.o(i.HAL_MspInit)
    HAL_NVIC_EnableIRQ                       0x08000d93   Thumb Code    22  stm32f3xx_hal_cortex.o(i.HAL_NVIC_EnableIRQ)
    HAL_NVIC_SetPriority                     0x08000da9   Thumb Code    60  stm32f3xx_hal_cortex.o(i.HAL_NVIC_SetPriority)
    HAL_NVIC_SetPriorityGrouping             0x08000de9   Thumb Code    26  stm32f3xx_hal_cortex.o(i.HAL_NVIC_SetPriorityGrouping)
    HAL_RCC_ClockConfig                      0x08000e0d   Thumb Code   366  stm32f3xx_hal_rcc.o(i.HAL_RCC_ClockConfig)
    HAL_RCC_GetHCLKFreq                      0x08000f8d   Thumb Code     6  stm32f3xx_hal_rcc.o(i.HAL_RCC_GetHCLKFreq)
    HAL_RCC_GetSysClockFreq                  0x08000f99   Thumb Code    88  stm32f3xx_hal_rcc.o(i.HAL_RCC_GetSysClockFreq)
    HAL_RCC_OscConfig                        0x08001005   Thumb Code  1444  stm32f3xx_hal_rcc.o(i.HAL_RCC_OscConfig)
    HAL_SPI_Init                             0x080015a9   Thumb Code   182  stm32f3xx_hal_spi.o(i.HAL_SPI_Init)
    HAL_SPI_MspInit                          0x0800165f   Thumb Code     2  stm32f3xx_hal_spi.o(i.HAL_SPI_MspInit)
    HAL_SYSTICK_CLKSourceConfig              0x08001661   Thumb Code    24  stm32f3xx_hal_cortex.o(i.HAL_SYSTICK_CLKSourceConfig)
    HAL_SYSTICK_Config                       0x08001679   Thumb Code    40  stm32f3xx_hal_cortex.o(i.HAL_SYSTICK_Config)
    HAL_TIMEx_ConfigBreakDeadTime            0x080016a1   Thumb Code   132  stm32f3xx_hal_tim_ex.o(i.HAL_TIMEx_ConfigBreakDeadTime)
    HAL_TIMEx_MasterConfigSynchronization    0x08001729   Thumb Code    72  stm32f3xx_hal_tim_ex.o(i.HAL_TIMEx_MasterConfigSynchronization)
    HAL_TIM_Base_Init                        0x08001775   Thumb Code    54  stm32f3xx_hal_tim.o(i.HAL_TIM_Base_Init)
    HAL_TIM_Base_MspInit                     0x080017ab   Thumb Code     2  stm32f3xx_hal_tim.o(i.HAL_TIM_Base_MspInit)
    HAL_TIM_ConfigClockSource                0x080017ad   Thumb Code   244  stm32f3xx_hal_tim.o(i.HAL_TIM_ConfigClockSource)
    HAL_TIM_Encoder_Init                     0x080018a5   Thumb Code   150  stm32f3xx_hal_tim.o(i.HAL_TIM_Encoder_Init)
    HAL_TIM_Encoder_MspInit                  0x08001941   Thumb Code     2  stm32f3xx_hal_tim.o(i.HAL_TIM_Encoder_MspInit)
    HAL_TIM_PWM_ConfigChannel                0x08001943   Thumb Code   296  stm32f3xx_hal_tim_ex.o(i.HAL_TIM_PWM_ConfigChannel)
    HAL_TIM_PWM_Init                         0x08001a6b   Thumb Code    54  stm32f3xx_hal_tim.o(i.HAL_TIM_PWM_Init)
    HAL_TIM_PWM_MspInit                      0x08001aa1   Thumb Code     2  stm32f3xx_hal_tim.o(i.HAL_TIM_PWM_MspInit)
    HardFault_Handler                        0x08001aa3   Thumb Code     2  stm32f3xx_it.o(i.HardFault_Handler)
    MemManage_Handler                        0x08001aa5   Thumb Code     2  stm32f3xx_it.o(i.MemManage_Handler)
    NMI_Handler                              0x08001aa7   Thumb Code     2  stm32f3xx_it.o(i.NMI_Handler)
    QEI_CHI_Interrupt                        0x08001ac9   Thumb Code   122  qei.o(i.QEI_CHI_Interrupt)
    SysTick_Handler                          0x08001b51   Thumb Code     4  stm32f3xx_it.o(i.SysTick_Handler)
    SystemInit                               0x08001bc5   Thumb Code    82  system_stm32f3xx.o(i.SystemInit)
    TIM1_BRK_TIM15_IRQHandler                0x08001c2d   Thumb Code    18  pwm.o(i.TIM1_BRK_TIM15_IRQHandler)
    TIM1_CC_IRQHandler                       0x08001c45   Thumb Code    22  pwm.o(i.TIM1_CC_IRQHandler)
    TIM_Base_SetConfig                       0x08001c61   Thumb Code   126  stm32f3xx_hal_tim.o(i.TIM_Base_SetConfig)
    TIM_ETR_SetConfig                        0x08001cf9   Thumb Code    20  stm32f3xx_hal_tim.o(i.TIM_ETR_SetConfig)
    TIM_OC1_SetConfig                        0x08001d1d   Thumb Code   116  stm32f3xx_hal_tim.o(i.TIM_OC1_SetConfig)
    TIM_OC2_SetConfig                        0x08001da5   Thumb Code   108  stm32f3xx_hal_tim.o(i.TIM_OC2_SetConfig)
    TIM_OC3_SetConfig                        0x08001e25   Thumb Code   106  stm32f3xx_hal_tim.o(i.TIM_OC3_SetConfig)
    TIM_OC4_SetConfig                        0x08001ea5   Thumb Code    86  stm32f3xx_hal_tim.o(i.TIM_OC4_SetConfig)
    UsageFault_Handler                       0x08002023   Thumb Code     2  stm32f3xx_it.o(i.UsageFault_Handler)
    adc_init                                 0x08002025   Thumb Code   246  adc.o(i.adc_init)
    adc_init_offset                          0x08002129   Thumb Code   128  adc.o(i.adc_init_offset)
    adc_start_sample                         0x080021b5   Thumb Code    34  adc.o(i.adc_start_sample)
    board_init                               0x080021dd   Thumb Code   484  board.o(i.board_init)
    foc_loop                                 0x0800266d   Thumb Code   296  foc.o(i.foc_loop)
    foc_param_init                           0x08002799   Thumb Code   314  foc_param.o(i.foc_param_init)
    get_mag_position                         0x080028fd   Thumb Code    52  mag.o(i.get_mag_position)
    get_mag_vel_pos                          0x0800293d   Thumb Code   208  qei.o(i.get_mag_vel_pos)
    mag_init                                 0x08002a15   Thumb Code    98  mag.o(i.mag_init)
    main                                     0x08002a85   Thumb Code   214  main.o(i.main)
    openloop_run_motor                       0x08002b69   Thumb Code    76  foc.o(i.openloop_run_motor)
    pwm_init                                 0x08002bb9   Thumb Code   264  pwm.o(i.pwm_init)
    pwm_start                                0x08002ccd   Thumb Code    86  pwm.o(i.pwm_start)
    qei_init                                 0x08002d2d   Thumb Code   126  qei.o(i.qei_init)
    release_break                            0x08002db9   Thumb Code    52  fun.o(i.release_break)
    set_mag_register                         0x08002ded   Thumb Code   112  mag.o(i.set_mag_register)
    set_mag_zero                             0x08002e69   Thumb Code    46  mag.o(i.set_mag_zero)
    stop_pwm                                 0x08002e99   Thumb Code    20  pwm.o(i.stop_pwm)
    test_motor                               0x08002eb1   Thumb Code    40  fun.o(i.test_motor)
    updata_pwm                               0x08002eed   Thumb Code    26  pwm.o(i.updata_pwm)
    update_pwm4_duty                         0x08002f11   Thumb Code    18  pwm.o(i.update_pwm4_duty)
    _fp_init                                 0x08002f39   Thumb Code    10  fpinit.o(x$fpl$fpinit)
    __fplib_config_fpu_vfp                   0x08002f41   Thumb Code     0  fpinit.o(x$fpl$fpinit)
    __fplib_config_pureend_doubles           0x08002f41   Thumb Code     0  fpinit.o(x$fpl$fpinit)
    AHBPrescTable                            0x08002f42   Data          16  system_stm32f3xx.o(.constdata)
    aPLLMULFactorTable                       0x08002f52   Data          16  stm32f3xx_hal_rcc.o(.constdata)
    aPredivFactorTable                       0x08002f62   Data          16  stm32f3xx_hal_rcc.o(.constdata)
    sinTable_q15                             0x08002f72   Data        1026  arm_common_tables.o(.constdata)
    Region$$Table$$Base                      0x08003374   Number         0  anon$$obj.o(Region$$Table)
    Region$$Table$$Limit                     0x08003394   Number         0  anon$$obj.o(Region$$Table)
    SystemCoreClock                          0x20000000   Data           4  system_stm32f3xx.o(.data)
    uwTick                                   0x20000004   Data           4  stm32f3xx_hal.o(.data)
    zSVPWM1                                  0x20000018   Data           4  foc.o(.data)
    zSVPWM2                                  0x2000001c   Data           4  foc.o(.data)
    zSVPWM3                                  0x20000020   Data           4  foc.o(.data)
    zIa                                      0x20000024   Data           4  foc.o(.data)
    zIb                                      0x20000028   Data           4  foc.o(.data)
    Vel_Acc_Kp                               0x2000002c   Data           4  foc.o(.data)
    SVpwm                                    0x20000054   Data           6  foc.o(.data)
    Motor_Theta                              0x2000005a   Data           2  fun.o(.data)
    ServoId                                  0x2000005c   Data           1  main.o(.data)
    SysState                                 0x2000005d   Data           1  main.o(.data)
    ErrorNo                                  0x20000060   Data           4  main.o(.data)
    ShaftPosition                            0x20000064   Data           4  main.o(.data)
    QEIthetaErrorLpK                         0x2000006c   Data           4  qei.o(.data)
    QEIthetaErrorLpf                         0x20000070   Data           4  qei.o(.data)
    QEIthetaError                            0x20000074   Data           4  qei.o(.data)
    QEIlockThetaIndex                        0x20000078   Data           4  qei.o(.data)
    QEIthetaIndex                            0x2000007c   Data           4  qei.o(.data)
    MAGposError                              0x20000080   Data           4  qei.o(.data)
    Mag_Pos                                  0x200000a0   Data           4  mag.o(.data)
    FOC                                      0x20000194   Data         192  foc.o(.bss)
    FOCuser                                  0x20000254   Data          32  foc.o(.bss)
    PIparamQ                                 0x20000274   Data          44  foc.o(.bss)
    PIparamD                                 0x200002a0   Data          44  foc.o(.bss)
    PIparamV                                 0x200002cc   Data          44  foc.o(.bss)
    PIDparamP                                0x200002f8   Data          60  foc.o(.bss)
    __libspace_start                         0x200004ac   Data          96  libspace.o(.bss)
    __temporary_stack_top$libspace           0x2000050c   Data           0  libspace.o(.bss)



==============================================================================

Memory Map of the image

  Image Entry point : 0x08000189

  Load Region LR_IROM1 (Base: 0x08000000, Size: 0x0000343c, Max: 0x00040000, ABSOLUTE)

    Execution Region ER_IROM1 (Base: 0x08000000, Size: 0x00003394, Max: 0x00040000, ABSOLUTE)

    Base Addr    Size         Type   Attr      Idx    E Section Name        Object

    0x08000000   0x00000188   Data   RO          139    RESET               startup_stm32f302xc.o
    0x08000188   0x00000008   Code   RO         3621  * !!!main             c_w.l(__main.o)
    0x08000190   0x00000034   Code   RO         3778    !!!scatter          c_w.l(__scatter.o)
    0x080001c4   0x0000001a   Code   RO         3780    !!handler_copy      c_w.l(__scatter_copy.o)
    0x080001de   0x00000002   PAD
    0x080001e0   0x0000001c   Code   RO         3782    !!handler_zi        c_w.l(__scatter_zi.o)
    0x080001fc   0x00000002   Code   RO         3648    .ARM.Collect$$libinit$$00000000  c_w.l(libinit.o)
    0x080001fe   0x00000004   Code   RO         3654    .ARM.Collect$$libinit$$00000001  c_w.l(libinit2.o)
    0x08000202   0x00000000   Code   RO         3657    .ARM.Collect$$libinit$$00000004  c_w.l(libinit2.o)
    0x08000202   0x00000000   Code   RO         3660    .ARM.Collect$$libinit$$0000000A  c_w.l(libinit2.o)
    0x08000202   0x00000000   Code   RO         3662    .ARM.Collect$$libinit$$0000000C  c_w.l(libinit2.o)
    0x08000202   0x00000000   Code   RO         3664    .ARM.Collect$$libinit$$0000000E  c_w.l(libinit2.o)
    0x08000202   0x00000000   Code   RO         3667    .ARM.Collect$$libinit$$00000011  c_w.l(libinit2.o)
    0x08000202   0x00000000   Code   RO         3669    .ARM.Collect$$libinit$$00000013  c_w.l(libinit2.o)
    0x08000202   0x00000000   Code   RO         3671    .ARM.Collect$$libinit$$00000015  c_w.l(libinit2.o)
    0x08000202   0x00000000   Code   RO         3673    .ARM.Collect$$libinit$$00000017  c_w.l(libinit2.o)
    0x08000202   0x00000000   Code   RO         3675    .ARM.Collect$$libinit$$00000019  c_w.l(libinit2.o)
    0x08000202   0x00000000   Code   RO         3677    .ARM.Collect$$libinit$$0000001B  c_w.l(libinit2.o)
    0x08000202   0x00000000   Code   RO         3679    .ARM.Collect$$libinit$$0000001D  c_w.l(libinit2.o)
    0x08000202   0x00000000   Code   RO         3681    .ARM.Collect$$libinit$$0000001F  c_w.l(libinit2.o)
    0x08000202   0x00000000   Code   RO         3683    .ARM.Collect$$libinit$$00000021  c_w.l(libinit2.o)
    0x08000202   0x00000000   Code   RO         3685    .ARM.Collect$$libinit$$00000023  c_w.l(libinit2.o)
    0x08000202   0x00000000   Code   RO         3687    .ARM.Collect$$libinit$$00000025  c_w.l(libinit2.o)
    0x08000202   0x00000000   Code   RO         3691    .ARM.Collect$$libinit$$0000002C  c_w.l(libinit2.o)
    0x08000202   0x00000000   Code   RO         3693    .ARM.Collect$$libinit$$0000002E  c_w.l(libinit2.o)
    0x08000202   0x00000000   Code   RO         3695    .ARM.Collect$$libinit$$00000030  c_w.l(libinit2.o)
    0x08000202   0x00000000   Code   RO         3697    .ARM.Collect$$libinit$$00000032  c_w.l(libinit2.o)
    0x08000202   0x00000002   Code   RO         3698    .ARM.Collect$$libinit$$00000033  c_w.l(libinit2.o)
    0x08000204   0x00000002   Code   RO         3718    .ARM.Collect$$libshutdown$$00000000  c_w.l(libshutdown.o)
    0x08000206   0x00000000   Code   RO         3731    .ARM.Collect$$libshutdown$$00000002  c_w.l(libshutdown2.o)
    0x08000206   0x00000000   Code   RO         3733    .ARM.Collect$$libshutdown$$00000004  c_w.l(libshutdown2.o)
    0x08000206   0x00000000   Code   RO         3736    .ARM.Collect$$libshutdown$$00000007  c_w.l(libshutdown2.o)
    0x08000206   0x00000000   Code   RO         3739    .ARM.Collect$$libshutdown$$0000000A  c_w.l(libshutdown2.o)
    0x08000206   0x00000000   Code   RO         3741    .ARM.Collect$$libshutdown$$0000000C  c_w.l(libshutdown2.o)
    0x08000206   0x00000000   Code   RO         3744    .ARM.Collect$$libshutdown$$0000000F  c_w.l(libshutdown2.o)
    0x08000206   0x00000002   Code   RO         3745    .ARM.Collect$$libshutdown$$00000010  c_w.l(libshutdown2.o)
    0x08000208   0x00000000   Code   RO         3623    .ARM.Collect$$rtentry$$00000000  c_w.l(__rtentry.o)
    0x08000208   0x00000000   Code   RO         3625    .ARM.Collect$$rtentry$$00000002  c_w.l(__rtentry2.o)
    0x08000208   0x00000006   Code   RO         3637    .ARM.Collect$$rtentry$$00000004  c_w.l(__rtentry4.o)
    0x0800020e   0x00000000   Code   RO         3627    .ARM.Collect$$rtentry$$00000009  c_w.l(__rtentry2.o)
    0x0800020e   0x00000004   Code   RO         3628    .ARM.Collect$$rtentry$$0000000A  c_w.l(__rtentry2.o)
    0x08000212   0x00000000   Code   RO         3630    .ARM.Collect$$rtentry$$0000000C  c_w.l(__rtentry2.o)
    0x08000212   0x00000008   Code   RO         3631    .ARM.Collect$$rtentry$$0000000D  c_w.l(__rtentry2.o)
    0x0800021a   0x00000002   Code   RO         3652    .ARM.Collect$$rtexit$$00000000  c_w.l(rtexit.o)
    0x0800021c   0x00000000   Code   RO         3700    .ARM.Collect$$rtexit$$00000002  c_w.l(rtexit2.o)
    0x0800021c   0x00000004   Code   RO         3701    .ARM.Collect$$rtexit$$00000003  c_w.l(rtexit2.o)
    0x08000220   0x00000006   Code   RO         3702    .ARM.Collect$$rtexit$$00000004  c_w.l(rtexit2.o)
    0x08000226   0x00000002   PAD
    0x08000228   0x00000040   Code   RO          140    .text               startup_stm32f302xc.o
    0x08000268   0x00000044   Code   RO         3433    .text               arm_cortexM4lf_math.lib(arm_cos_q15.o)
    0x080002ac   0x00000034   Code   RO         3486    .text               arm_cortexM4lf_math.lib(arm_sin_q15.o)
    0x080002e0   0x000000f8   Code   RO         3510    .text               arm_cortexM4lf_math.lib(arm_sqrt_q15.o)
    0x080003d8   0x00000006   Code   RO         3619    .text               c_w.l(heapauxi.o)
    0x080003de   0x0000004a   Code   RO         3639    .text               c_w.l(sys_stackheap_outer.o)
    0x08000428   0x00000012   Code   RO         3641    .text               c_w.l(exit.o)
    0x0800043a   0x00000002   PAD
    0x0800043c   0x00000008   Code   RO         3649    .text               c_w.l(libspace.o)
    0x08000444   0x0000000c   Code   RO         3710    .text               c_w.l(sys_exit.o)
    0x08000450   0x00000002   Code   RO         3721    .text               c_w.l(use_no_semi.o)
    0x08000452   0x00000000   Code   RO         3723    .text               c_w.l(indicate_semi.o)
    0x08000452   0x00000002   PAD
    0x08000454   0x0000007c   Code   RO         2810    i.ADC1_2_IRQHandler  adc.o
    0x080004d0   0x00000060   Code   RO          458    i.ADC_Disable       stm32f3xx_hal_adc_ex.o
    0x08000530   0x00000002   Code   RO         3370    i.BusFault_Handler  stm32f3xx_it.o
    0x08000532   0x00000002   Code   RO         3371    i.DebugMon_Handler  stm32f3xx_it.o
    0x08000534   0x00000004   Code   RO         2910    i.EXTI15_10_IRQHandler  exti_it.o
    0x08000538   0x00000002   Code   RO         2912    i.EXTI9_5_IRQHandler  exti_it.o
    0x0800053a   0x00000002   PAD
    0x0800053c   0x00000058   Code   RO         3099    i.Error_Handler     main.o
    0x08000594   0x000003f0   Code   RO          463    i.HAL_ADCEx_InjectedConfigChannel  stm32f3xx_hal_adc_ex.o
    0x08000984   0x000001e0   Code   RO          487    i.HAL_ADC_Init      stm32f3xx_hal_adc_ex.o
    0x08000b64   0x00000002   Code   RO          317    i.HAL_ADC_MspInit   stm32f3xx_hal_adc.o
    0x08000b66   0x0000001c   Code   RO          154    i.HAL_Delay         stm32f3xx_hal.o
    0x08000b82   0x00000002   PAD
    0x08000b84   0x00000190   Code   RO         1198    i.HAL_GPIO_Init     stm32f3xx_hal_gpio.o
    0x08000d14   0x00000008   Code   RO         1201    i.HAL_GPIO_TogglePin  stm32f3xx_hal_gpio.o
    0x08000d1c   0x0000000a   Code   RO         1202    i.HAL_GPIO_WritePin  stm32f3xx_hal_gpio.o
    0x08000d26   0x00000002   PAD
    0x08000d28   0x0000000c   Code   RO          158    i.HAL_GetTick       stm32f3xx_hal.o
    0x08000d34   0x00000010   Code   RO          162    i.HAL_IncTick       stm32f3xx_hal.o
    0x08000d44   0x00000024   Code   RO          163    i.HAL_Init          stm32f3xx_hal.o
    0x08000d68   0x00000028   Code   RO          164    i.HAL_InitTick      stm32f3xx_hal.o
    0x08000d90   0x00000002   Code   RO          166    i.HAL_MspInit       stm32f3xx_hal.o
    0x08000d92   0x00000016   Code   RO          741    i.HAL_NVIC_EnableIRQ  stm32f3xx_hal_cortex.o
    0x08000da8   0x00000040   Code   RO          747    i.HAL_NVIC_SetPriority  stm32f3xx_hal_cortex.o
    0x08000de8   0x00000024   Code   RO          748    i.HAL_NVIC_SetPriorityGrouping  stm32f3xx_hal_cortex.o
    0x08000e0c   0x00000180   Code   RO         1298    i.HAL_RCC_ClockConfig  stm32f3xx_hal_rcc.o
    0x08000f8c   0x0000000c   Code   RO         1303    i.HAL_RCC_GetHCLKFreq  stm32f3xx_hal_rcc.o
    0x08000f98   0x0000006c   Code   RO         1307    i.HAL_RCC_GetSysClockFreq  stm32f3xx_hal_rcc.o
    0x08001004   0x000005a4   Code   RO         1310    i.HAL_RCC_OscConfig  stm32f3xx_hal_rcc.o
    0x080015a8   0x000000b6   Code   RO         1473    i.HAL_SPI_Init      stm32f3xx_hal_spi.o
    0x0800165e   0x00000002   Code   RO         1475    i.HAL_SPI_MspInit   stm32f3xx_hal_spi.o
    0x08001660   0x00000018   Code   RO          750    i.HAL_SYSTICK_CLKSourceConfig  stm32f3xx_hal_cortex.o
    0x08001678   0x00000028   Code   RO          752    i.HAL_SYSTICK_Config  stm32f3xx_hal_cortex.o
    0x080016a0   0x00000088   Code   RO         2480    i.HAL_TIMEx_ConfigBreakDeadTime  stm32f3xx_hal_tim_ex.o
    0x08001728   0x0000004c   Code   RO         2496    i.HAL_TIMEx_MasterConfigSynchronization  stm32f3xx_hal_tim_ex.o
    0x08001774   0x00000036   Code   RO         1833    i.HAL_TIM_Base_Init  stm32f3xx_hal_tim.o
    0x080017aa   0x00000002   Code   RO         1835    i.HAL_TIM_Base_MspInit  stm32f3xx_hal_tim.o
    0x080017ac   0x000000f8   Code   RO         1842    i.HAL_TIM_ConfigClockSource  stm32f3xx_hal_tim.o
    0x080018a4   0x0000009c   Code   RO         1853    i.HAL_TIM_Encoder_Init  stm32f3xx_hal_tim.o
    0x08001940   0x00000002   Code   RO         1855    i.HAL_TIM_Encoder_MspInit  stm32f3xx_hal_tim.o
    0x08001942   0x00000128   Code   RO         2516    i.HAL_TIM_PWM_ConfigChannel  stm32f3xx_hal_tim_ex.o
    0x08001a6a   0x00000036   Code   RO         1904    i.HAL_TIM_PWM_Init  stm32f3xx_hal_tim.o
    0x08001aa0   0x00000002   Code   RO         1906    i.HAL_TIM_PWM_MspInit  stm32f3xx_hal_tim.o
    0x08001aa2   0x00000002   Code   RO         3372    i.HardFault_Handler  stm32f3xx_it.o
    0x08001aa4   0x00000002   Code   RO         3373    i.MemManage_Handler  stm32f3xx_it.o
    0x08001aa6   0x00000002   Code   RO         3374    i.NMI_Handler       stm32f3xx_it.o
    0x08001aa8   0x00000020   Code   RO          754    i.NVIC_SetPriority  stm32f3xx_hal_cortex.o
    0x08001ac8   0x00000088   Code   RO         3248    i.QEI_CHI_Interrupt  qei.o
    0x08001b50   0x00000004   Code   RO         3375    i.SysTick_Handler   stm32f3xx_it.o
    0x08001b54   0x0000006e   Code   RO         3100    i.SystemClock_Config  main.o
    0x08001bc2   0x00000002   PAD
    0x08001bc4   0x00000068   Code   RO            5    i.SystemInit        system_stm32f3xx.o
    0x08001c2c   0x00000018   Code   RO         3168    i.TIM1_BRK_TIM15_IRQHandler  pwm.o
    0x08001c44   0x0000001c   Code   RO         3169    i.TIM1_CC_IRQHandler  pwm.o
    0x08001c60   0x00000098   Code   RO         1919    i.TIM_Base_SetConfig  stm32f3xx_hal_tim.o
    0x08001cf8   0x00000014   Code   RO         1926    i.TIM_ETR_SetConfig  stm32f3xx_hal_tim.o
    0x08001d0c   0x00000010   Code   RO         1927    i.TIM_ITRx_SetConfig  stm32f3xx_hal_tim.o
    0x08001d1c   0x00000088   Code   RO         1928    i.TIM_OC1_SetConfig  stm32f3xx_hal_tim.o
    0x08001da4   0x00000080   Code   RO         1929    i.TIM_OC2_SetConfig  stm32f3xx_hal_tim.o
    0x08001e24   0x00000080   Code   RO         1930    i.TIM_OC3_SetConfig  stm32f3xx_hal_tim.o
    0x08001ea4   0x0000006c   Code   RO         1931    i.TIM_OC4_SetConfig  stm32f3xx_hal_tim.o
    0x08001f10   0x00000064   Code   RO         2519    i.TIM_OC5_SetConfig  stm32f3xx_hal_tim_ex.o
    0x08001f74   0x00000068   Code   RO         2520    i.TIM_OC6_SetConfig  stm32f3xx_hal_tim_ex.o
    0x08001fdc   0x00000022   Code   RO         1933    i.TIM_TI1_ConfigInputStage  stm32f3xx_hal_tim.o
    0x08001ffe   0x00000024   Code   RO         1935    i.TIM_TI2_ConfigInputStage  stm32f3xx_hal_tim.o
    0x08002022   0x00000002   Code   RO         3376    i.UsageFault_Handler  stm32f3xx_it.o
    0x08002024   0x00000104   Code   RO         2811    i.adc_init          adc.o
    0x08002128   0x0000008c   Code   RO         2812    i.adc_init_offset   adc.o
    0x080021b4   0x00000028   Code   RO         2813    i.adc_start_sample  adc.o
    0x080021dc   0x000001f8   Code   RO         2882    i.board_init        board.o
    0x080023d4   0x0000004e   Code   RO         2946    i.calc_pi           foc.o
    0x08002422   0x00000002   PAD
    0x08002424   0x00000074   Code   RO         2947    i.calc_pid          foc.o
    0x08002498   0x00000034   Code   RO         2948    i.calc_pwm_time     foc.o
    0x080024cc   0x000000bc   Code   RO         2949    i.calc_svpwm        foc.o
    0x08002588   0x000000e4   Code   RO         2950    i.do_control        foc.o
    0x0800266c   0x0000012c   Code   RO         2951    i.foc_loop          foc.o
    0x08002798   0x00000164   Code   RO         3030    i.foc_param_init    foc_param.o
    0x080028fc   0x00000040   Code   RO         3306    i.get_mag_position  mag.o
    0x0800293c   0x000000d8   Code   RO         3249    i.get_mag_vel_pos   qei.o
    0x08002a14   0x00000070   Code   RO         3308    i.mag_init          mag.o
    0x08002a84   0x000000e4   Code   RO         3101    i.main              main.o
    0x08002b68   0x00000050   Code   RO         2952    i.openloop_run_motor  foc.o
    0x08002bb8   0x00000114   Code   RO         3170    i.pwm_init          pwm.o
    0x08002ccc   0x00000060   Code   RO         3171    i.pwm_start         pwm.o
    0x08002d2c   0x0000008c   Code   RO         3252    i.qei_init          qei.o
    0x08002db8   0x00000034   Code   RO         3060    i.release_break     fun.o
    0x08002dec   0x0000007c   Code   RO         3311    i.set_mag_register  mag.o
    0x08002e68   0x0000002e   Code   RO         3312    i.set_mag_zero      mag.o
    0x08002e96   0x00000002   PAD
    0x08002e98   0x00000018   Code   RO         3172    i.stop_pwm          pwm.o
    0x08002eb0   0x0000002c   Code   RO         3061    i.test_motor        fun.o
    0x08002edc   0x00000010   Code   RO         2953    i.torque_ramp       foc.o
    0x08002eec   0x00000024   Code   RO         3173    i.updata_pwm        pwm.o
    0x08002f10   0x00000018   Code   RO         3177    i.update_pwm4_duty  pwm.o
    0x08002f28   0x00000010   Code   RO         2954    i.velocity_ramp     foc.o
    0x08002f38   0x0000000a   Code   RO         3708    x$fpl$fpinit        g_wm.l(fpinit.o)
    0x08002f42   0x00000010   Data   RO            6    .constdata          system_stm32f3xx.o
    0x08002f52   0x00000020   Data   RO         1311    .constdata          stm32f3xx_hal_rcc.o
    0x08002f72   0x00000402   Data   RO         3592    .constdata          arm_cortexM4lf_math.lib(arm_common_tables.o)
    0x08003374   0x00000020   Data   RO         3776    Region$$Table       anon$$obj.o


    Execution Region RW_IRAM1 (Base: 0x20000000, Size: 0x00000b10, Max: 0x00008000, ABSOLUTE)

    Base Addr    Size         Type   Attr      Idx    E Section Name        Object

    0x20000000   0x00000004   Data   RW            8    .data               system_stm32f3xx.o
    0x20000004   0x00000004   Data   RW          169    .data               stm32f3xx_hal.o
    0x20000008   0x00000008   Data   RW         2815    .data               adc.o
    0x20000010   0x0000004a   Data   RW         2956    .data               foc.o
    0x2000005a   0x00000002   Data   RW         3062    .data               fun.o
    0x2000005c   0x0000000c   Data   RW         3104    .data               main.o
    0x20000068   0x00000038   Data   RW         3255    .data               qei.o
    0x200000a0   0x00000008   Data   RW         3314    .data               mag.o
    0x200000a8   0x000000d8   Zero   RW         2814    .bss                adc.o
    0x20000180   0x00000014   Zero   RW         2883    .bss                board.o
    0x20000194   0x000001a0   Zero   RW         2955    .bss                foc.o
    0x20000334   0x000000a4   Zero   RW         3178    .bss                pwm.o
    0x200003d8   0x00000070   Zero   RW         3254    .bss                qei.o
    0x20000448   0x00000064   Zero   RW         3313    .bss                mag.o
    0x200004ac   0x00000060   Zero   RW         3650    .bss                c_w.l(libspace.o)
    0x2000050c   0x00000004   PAD
    0x20000510   0x00000200   Zero   RW          138    HEAP                startup_stm32f302xc.o
    0x20000710   0x00000400   Zero   RW          137    STACK               startup_stm32f302xc.o


==============================================================================

Image component sizes


      Code (inc. data)   RO Data    RW Data    ZI Data      Debug   Object Name

       564         40          0          8        216       5153   adc.o
       504         20          0          0         20       1213   board.o
         6          0          0          0          0        912   exti_it.o
      1074         42          0         74        416       8165   foc.o
       356         42          0          0          0        777   foc_param.o
        96          4          0          2          0       1459   fun.o
       346         38          0          8        100       3521   mag.o
       426         26          0         12          0       2939   main.o
       508         54          0          0        164       4151   pwm.o
       492         36          0         56        112       2919   qei.o
        64         26        392          0       1536        816   startup_stm32f302xc.o
       134         22          0          4          0       4213   stm32f3xx_hal.o
         2          0          0          0          0        910   stm32f3xx_hal_adc.o
      1584         50          0          0          0       4613   stm32f3xx_hal_adc_ex.o
       218         14          0          0          0      30701   stm32f3xx_hal_cortex.o
       418         30          0          0          0       3049   stm32f3xx_hal_gpio.o
      1948         56         32          0          0       5290   stm32f3xx_hal_rcc.o
       184          0          0          0          0       1769   stm32f3xx_hal_spi.o
      1276        120          0          0          0      12852   stm32f3xx_hal_tim.o
       712         50          0          0          0       4816   stm32f3xx_hal_tim_ex.o
        16          0          0          0          0       3227   stm32f3xx_it.o
       104         22         16          4          0     543307   system_stm32f3xx.o

    ----------------------------------------------------------------------
     11044        692        472        168       2564     646772   Object Totals
         0          0         32          0          0          0   (incl. Generated)
        12          0          0          0          0          0   (incl. Padding)

    ----------------------------------------------------------------------

      Code (inc. data)   RO Data    RW Data    ZI Data      Debug   Library Member Name

         0          0       1026          0          0       4636   arm_common_tables.o
        68          6          0          0          0      16930   arm_cos_q15.o
        52          6          0          0          0        598   arm_sin_q15.o
       248         14          0          0          0        907   arm_sqrt_q15.o
         8          0          0          0          0         68   __main.o
         0          0          0          0          0          0   __rtentry.o
        12          0          0          0          0          0   __rtentry2.o
         6          0          0          0          0          0   __rtentry4.o
        52          8          0          0          0          0   __scatter.o
        26          0          0          0          0          0   __scatter_copy.o
        28          0          0          0          0          0   __scatter_zi.o
        18          0          0          0          0         80   exit.o
         6          0          0          0          0        152   heapauxi.o
         0          0          0          0          0          0   indicate_semi.o
         2          0          0          0          0          0   libinit.o
         6          0          0          0          0          0   libinit2.o
         2          0          0          0          0          0   libshutdown.o
         2          0          0          0          0          0   libshutdown2.o
         8          4          0          0         96         68   libspace.o
         2          0          0          0          0          0   rtexit.o
        10          0          0          0          0          0   rtexit2.o
        12          4          0          0          0         68   sys_exit.o
        74          0          0          0          0         80   sys_stackheap_outer.o
         2          0          0          0          0         68   use_no_semi.o
        10          0          0          0          0        116   fpinit.o

    ----------------------------------------------------------------------
       662         42       1026          0        100      23771   Library Totals
         8          0          0          0          4          0   (incl. Padding)

    ----------------------------------------------------------------------

      Code (inc. data)   RO Data    RW Data    ZI Data      Debug   Library Name

       368         26       1026          0          0      23071   arm_cortexM4lf_math.lib
       276         16          0          0         96        584   c_w.l
        10          0          0          0          0        116   g_wm.l

    ----------------------------------------------------------------------
       662         42       1026          0        100      23771   Library Totals

    ----------------------------------------------------------------------

==============================================================================


      Code (inc. data)   RO Data    RW Data    ZI Data      Debug   

     11706        734       1498        168       2664     661887   Grand Totals
     11706        734       1498        168       2664     661887   ELF Image Totals
     11706        734       1498        168          0          0   ROM Totals

==============================================================================

    Total RO  Size (Code + RO Data)                13204 (  12.89kB)
    Total RW  Size (RW Data + ZI Data)              2832 (   2.77kB)
    Total ROM Size (Code + RO Data + RW Data)      13372 (  13.06kB)

==============================================================================

